Archive member included because of file (symbol)

/opt/altera/13.1/nios2eds/bin/gnu/H-i686-pc-linux-gnu/bin/../lib/gcc/nios2-elf/4.7.3/libgcc.a(lib2-divmod.o)
                              obj/default/main.o (__modsi3)
/opt/altera/13.1/nios2eds/bin/gnu/H-i686-pc-linux-gnu/bin/../lib/gcc/nios2-elf/4.7.3/../../../../../H-i686-pc-linux-gnu/nios2-elf/lib/libc.a(lib_a-printf.o)
                              obj/default/main.o (printf)
/opt/altera/13.1/nios2eds/bin/gnu/H-i686-pc-linux-gnu/bin/../lib/gcc/nios2-elf/4.7.3/../../../../../H-i686-pc-linux-gnu/nios2-elf/lib/libc.a(lib_a-vfprintf.o)
                              /opt/altera/13.1/nios2eds/bin/gnu/H-i686-pc-linux-gnu/bin/../lib/gcc/nios2-elf/4.7.3/../../../../../H-i686-pc-linux-gnu/nios2-elf/lib/libc.a(lib_a-printf.o) (___vfprintf_internal_r)
/opt/altera/13.1/nios2eds/bin/gnu/H-i686-pc-linux-gnu/bin/../lib/gcc/nios2-elf/4.7.3/../../../../../H-i686-pc-linux-gnu/nios2-elf/lib/libc.a(lib_a-wsetup.o)
                              /opt/altera/13.1/nios2eds/bin/gnu/H-i686-pc-linux-gnu/bin/../lib/gcc/nios2-elf/4.7.3/../../../../../H-i686-pc-linux-gnu/nios2-elf/lib/libc.a(lib_a-vfprintf.o) (__swsetup_r)
/opt/altera/13.1/nios2eds/bin/gnu/H-i686-pc-linux-gnu/bin/../lib/gcc/nios2-elf/4.7.3/../../../../../H-i686-pc-linux-gnu/nios2-elf/lib/libc.a(lib_a-dtoa.o)
                              /opt/altera/13.1/nios2eds/bin/gnu/H-i686-pc-linux-gnu/bin/../lib/gcc/nios2-elf/4.7.3/../../../../../H-i686-pc-linux-gnu/nios2-elf/lib/libc.a(lib_a-vfprintf.o) (_dtoa_r)
/opt/altera/13.1/nios2eds/bin/gnu/H-i686-pc-linux-gnu/bin/../lib/gcc/nios2-elf/4.7.3/../../../../../H-i686-pc-linux-gnu/nios2-elf/lib/libc.a(lib_a-fflush.o)
                              /opt/altera/13.1/nios2eds/bin/gnu/H-i686-pc-linux-gnu/bin/../lib/gcc/nios2-elf/4.7.3/../../../../../H-i686-pc-linux-gnu/nios2-elf/lib/libc.a(lib_a-vfprintf.o) (_fflush_r)
/opt/altera/13.1/nios2eds/bin/gnu/H-i686-pc-linux-gnu/bin/../lib/gcc/nios2-elf/4.7.3/../../../../../H-i686-pc-linux-gnu/nios2-elf/lib/libc.a(lib_a-findfp.o)
                              /opt/altera/13.1/nios2eds/bin/gnu/H-i686-pc-linux-gnu/bin/../lib/gcc/nios2-elf/4.7.3/../../../../../H-i686-pc-linux-gnu/nios2-elf/lib/libc.a(lib_a-vfprintf.o) (__sinit)
/opt/altera/13.1/nios2eds/bin/gnu/H-i686-pc-linux-gnu/bin/../lib/gcc/nios2-elf/4.7.3/../../../../../H-i686-pc-linux-gnu/nios2-elf/lib/libc.a(lib_a-freer.o)
                              /opt/altera/13.1/nios2eds/bin/gnu/H-i686-pc-linux-gnu/bin/../lib/gcc/nios2-elf/4.7.3/../../../../../H-i686-pc-linux-gnu/nios2-elf/lib/libc.a(lib_a-wsetup.o) (_free_r)
/opt/altera/13.1/nios2eds/bin/gnu/H-i686-pc-linux-gnu/bin/../lib/gcc/nios2-elf/4.7.3/../../../../../H-i686-pc-linux-gnu/nios2-elf/lib/libc.a(lib_a-fvwrite.o)
                              /opt/altera/13.1/nios2eds/bin/gnu/H-i686-pc-linux-gnu/bin/../lib/gcc/nios2-elf/4.7.3/../../../../../H-i686-pc-linux-gnu/nios2-elf/lib/libc.a(lib_a-vfprintf.o) (__sfvwrite_r)
/opt/altera/13.1/nios2eds/bin/gnu/H-i686-pc-linux-gnu/bin/../lib/gcc/nios2-elf/4.7.3/../../../../../H-i686-pc-linux-gnu/nios2-elf/lib/libc.a(lib_a-fwalk.o)
                              /opt/altera/13.1/nios2eds/bin/gnu/H-i686-pc-linux-gnu/bin/../lib/gcc/nios2-elf/4.7.3/../../../../../H-i686-pc-linux-gnu/nios2-elf/lib/libc.a(lib_a-findfp.o) (_fwalk)
/opt/altera/13.1/nios2eds/bin/gnu/H-i686-pc-linux-gnu/bin/../lib/gcc/nios2-elf/4.7.3/../../../../../H-i686-pc-linux-gnu/nios2-elf/lib/libc.a(lib_a-impure.o)
                              /opt/altera/13.1/nios2eds/bin/gnu/H-i686-pc-linux-gnu/bin/../lib/gcc/nios2-elf/4.7.3/../../../../../H-i686-pc-linux-gnu/nios2-elf/lib/libc.a(lib_a-fflush.o) (_global_impure_ptr)
/opt/altera/13.1/nios2eds/bin/gnu/H-i686-pc-linux-gnu/bin/../lib/gcc/nios2-elf/4.7.3/../../../../../H-i686-pc-linux-gnu/nios2-elf/lib/libc.a(lib_a-locale.o)
                              /opt/altera/13.1/nios2eds/bin/gnu/H-i686-pc-linux-gnu/bin/../lib/gcc/nios2-elf/4.7.3/../../../../../H-i686-pc-linux-gnu/nios2-elf/lib/libc.a(lib_a-vfprintf.o) (_localeconv_r)
/opt/altera/13.1/nios2eds/bin/gnu/H-i686-pc-linux-gnu/bin/../lib/gcc/nios2-elf/4.7.3/../../../../../H-i686-pc-linux-gnu/nios2-elf/lib/libc.a(lib_a-makebuf.o)
                              /opt/altera/13.1/nios2eds/bin/gnu/H-i686-pc-linux-gnu/bin/../lib/gcc/nios2-elf/4.7.3/../../../../../H-i686-pc-linux-gnu/nios2-elf/lib/libc.a(lib_a-wsetup.o) (__smakebuf_r)
/opt/altera/13.1/nios2eds/bin/gnu/H-i686-pc-linux-gnu/bin/../lib/gcc/nios2-elf/4.7.3/../../../../../H-i686-pc-linux-gnu/nios2-elf/lib/libc.a(lib_a-mallocr.o)
                              /opt/altera/13.1/nios2eds/bin/gnu/H-i686-pc-linux-gnu/bin/../lib/gcc/nios2-elf/4.7.3/../../../../../H-i686-pc-linux-gnu/nios2-elf/lib/libc.a(lib_a-findfp.o) (_malloc_r)
/opt/altera/13.1/nios2eds/bin/gnu/H-i686-pc-linux-gnu/bin/../lib/gcc/nios2-elf/4.7.3/../../../../../H-i686-pc-linux-gnu/nios2-elf/lib/libc.a(lib_a-memchr.o)
[...]
Memory Configuration

Name             Origin             Length             Attributes
reset            0x00040000         0x00000020
nios2_instr_data_ram 0x00040020         0x00031fe0
*default*        0x00000000         0xffffffff

Linker script and memory map

LOAD ../esn7e_offlinestream_demo_bsp//obj/HAL/src/crt0.o
LOAD obj/default/main.o
LOAD /opt/altera/13.1/nios2eds/bin/gnu/H-i686-pc-linux-gnu/bin/../lib/gcc/nios2-elf/4.7.3/../../../../../H-i686-pc-linux-gnu/nios2-elf/lib/libstdc++.a
LOAD /opt/altera/13.1/nios2eds/bin/gnu/H-i686-pc-linux-gnu/bin/../lib/gcc/nios2-elf/4.7.3/../../../../../H-i686-pc-linux-gnu/nios2-elf/lib/libm.a
LOAD /opt/altera/13.1/nios2eds/bin/gnu/H-i686-pc-linux-gnu/bin/../lib/gcc/nios2-elf/4.7.3/libgcc.a
START GROUP
LOAD /opt/altera/13.1/nios2eds/bin/gnu/H-i686-pc-linux-gnu/bin/../lib/gcc/nios2-elf/4.7.3/../../../../../H-i686-pc-linux-gnu/nios2-elf/lib/libc.a
LOAD /opt/altera/13.1/nios2eds/bin/gnu/H-i686-pc-linux-gnu/bin/../lib/gcc/nios2-elf/4.7.3/libgcc.a
LOAD ../esn7e_offlinestream_demo_bsp//libhal_bsp.a
END GROUP
LOAD /opt/altera/13.1/nios2eds/bin/gnu/H-i686-pc-linux-gnu/bin/../lib/gcc/nios2-elf/4.7.3/libgcc.a
                0x00040000                __alt_mem_nios2_instr_data_ram = 0x40000

.entry          0x00040000       0x20
 *(.entry)
 .entry         0x00040000       0x20 ../esn7e_offlinestream_demo_bsp//obj/HAL/src/crt0.o
                0x00040000                __reset

.exceptions     0x00040020      0x198
                0x00040020                PROVIDE (__ram_exceptions_start, ABSOLUTE (.))
                0x00040020                . = ALIGN (0x20)
 *(.irq)
 *(.exceptions.entry.label)
 .exceptions.entry.label
                0x00040020        0x0 ../esn7e_offlinestream_demo_bsp//libhal_bsp.a(alt_irq_entry.o)
                0x00040020                alt_irq_entry
 .exceptions.entry.label
                0x00040020        0x0 ../esn7e_offlinestream_demo_bsp//libhal_bsp.a(alt_exception_entry.o)
                0x00040020                alt_exception
 *(.exceptions.entry.user)
 *(.exceptions.entry.ecc_fatal)
 *(.exceptions.entry)
 .exceptions.entry
                0x00040020       0x54 ../esn7e_offlinestream_demo_bsp//libhal_bsp.a(alt_exception_entry.o)
 *(.exceptions.irqtest.user)
 *(.exceptions.irqtest)
 .exceptions.irqtest
                0x00040074       0x10 ../esn7e_offlinestream_demo_bsp//libhal_bsp.a(alt_irq_entry.o)
 *(.exceptions.irqhandler.user)
 *(.exceptions.irqhandler)
 .exceptions.irqhandler
                0x00040084        0x4 ../esn7e_offlinestream_demo_bsp//libhal_bsp.a(alt_irq_entry.o)
 *(.exceptions.irqreturn.user)
 *(.exceptions.irqreturn)
 .exceptions.irqreturn
                0x00040088        0x4 ../esn7e_offlinestream_demo_bsp//libhal_bsp.a(alt_irq_entry.o)
 *(.exceptions.notirq.label)
 .exceptions.notirq.label
                0x0004008c        0x0 ../esn7e_offlinestream_demo_bsp//libhal_bsp.a(alt_irq_entry.o)
 *(.exceptions.notirq.user)
 *(.exceptions.notirq)
 .exceptions.notirq
                0x0004008c        0x8 ../esn7e_offlinestream_demo_bsp//libhal_bsp.a(alt_exception_entry.o)
 *(.exceptions.soft.user)
 *(.exceptions.soft)
 *(.exceptions.unknown.user)
 *(.exceptions.unknown)
 .exceptions.unknown
                0x00040094        0x4 ../esn7e_offlinestream_demo_bsp//libhal_bsp.a(alt_exception_entry.o)
 *(.exceptions.exit.label)
 .exceptions.exit.label
                0x00040098        0x0 ../esn7e_offlinestream_demo_bsp//libhal_bsp.a(alt_irq_entry.o)
 .exceptions.exit.label
                0x00040098        0x0 ../esn7e_offlinestream_demo_bsp//libhal_bsp.a(alt_exception_entry.o)
 *(.exceptions.exit.user)
 *(.exceptions.exit)
 .exceptions.exit
                0x00040098       0x54 ../esn7e_offlinestream_demo_bsp//libhal_bsp.a(alt_exception_entry.o)
 *(.exceptions)
 .exceptions    0x000400ec       0xcc ../esn7e_offlinestream_demo_bsp//libhal_bsp.a(alt_irq_handler.o)
                0x000400ec                alt_irq_handler
                0x000401b8                PROVIDE (__ram_exceptions_end, ABSOLUTE (.))
                0x00040020                PROVIDE (__flash_exceptions_start, LOADADDR (.exceptions))

.text           0x000401b8     0xc390
                0x000401b8                PROVIDE (stext, ABSOLUTE (.))
 *(.interp)
 *(.hash)
 *(.dynsym)
 *(.dynstr)
 *(.gnu.version)
 *(.gnu.version_d)
 *(.gnu.version_r)
 *(.rel.init)
 *(.rela.init)
 *(.rel.text .rel.text.* .rel.gnu.linkonce.t.*)
 *(.rela.text .rela.text.* .rela.gnu.linkonce.t.*)
 *(.rel.fini)
 *(.rela.fini)
 *(.rel.rodata .rel.rodata.* .rel.gnu.linkonce.r.*)
 *(.rela.rodata .rela.rodata.* .rela.gnu.linkonce.r.*)
 *(.rel.data .rel.data.* .rel.gnu.linkonce.d.*)
 *(.rela.data .rela.data.* .rela.gnu.linkonce.d.*)
 *(.rel.tdata .rel.tdata.* .rel.gnu.linkonce.td.*)
 *(.rela.tdata .rela.tdata.* .rela.gnu.linkonce.td.*)
 *(.rel.tbss .rel.tbss.* .rel.gnu.linkonce.tb.*)
 *(.rela.tbss .rela.tbss.* .rela.gnu.linkonce.tb.*)
 *(.rel.ctors)
 *(.rela.ctors)
 *(.rel.dtors)
 *(.rela.dtors)
 *(.rel.got)
 *(.rela.got)
 *(.rel.sdata .rel.sdata.* .rel.gnu.linkonce.s.*)
 *(.rela.sdata .rela.sdata.* .rela.gnu.linkonce.s.*)
 *(.rel.sbss .rel.sbss.* .rel.gnu.linkonce.sb.*)
 *(.rela.sbss .rela.sbss.* .rela.gnu.linkonce.sb.*)
 *(.rel.sdata2 .rel.sdata2.* .rel.gnu.linkonce.s2.*)
 *(.rela.sdata2 .rela.sdata2.* .rela.gnu.linkonce.s2.*)
 *(.rel.sbss2 .rel.sbss2.* .rel.gnu.linkonce.sb2.*)
 *(.rela.sbss2 .rela.sbss2.* .rela.gnu.linkonce.sb2.*)
 *(.rel.bss .rel.bss.* .rel.gnu.linkonce.b.*)
 *(.rela.bss .rela.bss.* .rela.gnu.linkonce.b.*)
 *(.rel.plt)
 *(.rela.plt)
 *(.rel.dyn)
 *(.init)
 *(.plt)
 *(.text .stub .text.* .gnu.linkonce.t.*)
 .text          0x000401b8       0x4c ../esn7e_offlinestream_demo_bsp//obj/HAL/src/crt0.o
                0x000401b8                _start
 .text          0x00040204      0x3bc obj/default/main.o
                0x00040204                main
 .text          0x000405c0      0x130 /opt/altera/13.1/nios2eds/bin/gnu/H-i686-pc-linux-gnu/bin/../lib/gcc/nios2-elf/4.7.3/libgcc.a(lib2-divmod.o)
                0x00040634                __divsi3
                0x00040684                __modsi3
                0x000406e0                __udivsi3
                0x000406e8                __umodsi3
 .text          0x000406f0       0x68 /opt/altera/13.1/nios2eds/bin/gnu/H-i686-pc-linux-gnu/bin/../lib/gcc/nios2-elf/4.7.3/../../../../../H-i686-pc-linux-gnu/nios2-elf/lib/libc.a(lib_a-printf.o)
                0x000406f0                _printf_r
                0x0004071c                printf
 .text          0x00040758     0x1e50 /opt/altera/13.1/nios2eds/bin/gnu/H-i686-pc-linux-gnu/bin/../lib/gcc/nios2-elf/4.7.3/../../../../../H-i686-pc-linux-gnu/nios2-elf/lib/libc.a(lib_a-vfprintf.o)
                0x0004078c                ___vfprintf_internal_r
                0x00042584                __vfprintf_internal
 .text          0x000425a8      0x174 /opt/altera/13.1/nios2eds/bin/gnu/H-i686-pc-linux-gnu/bin/../lib/gcc/nios2-elf/4.7.3/../../../../../H-i686-pc-linux-gnu/nios2-elf/lib/libc.a(lib_a-wsetup.o)
                0x000425a8                __swsetup_r
 .text          0x0004271c     0x1824 /opt/altera/13.1/nios2eds/bin/gnu/H-i686-pc-linux-gnu/bin/../lib/gcc/nios2-elf/4.7.3/../../../../../H-i686-pc-linux-gnu/nios2-elf/lib/libc.a(lib_a-dtoa.o)
                0x00042924                _dtoa_r
 .text          0x00043f40      0x218 /opt/altera/13.1/nios2eds/bin/gnu/H-i686-pc-linux-gnu/bin/../lib/gcc/nios2-elf/4.7.3/../../../../../H-i686-pc-linux-gnu/nios2-elf/lib/libc.a(lib_a-fflush.o)
                0x00043f40                _fflush_r
                0x00044128                fflush
 .text          0x00044158      0x2d8 /opt/altera/13.1/nios2eds/bin/gnu/H-i686-pc-linux-gnu/bin/../lib/gcc/nios2-elf/4.7.3/../../../../../H-i686-pc-linux-gnu/nios2-elf/lib/libc.a(lib_a-findfp.o)
                0x00044168                _cleanup_r
                0x00044174                __sfmoreglue
                0x000441d8                _cleanup
                0x000441e8                __sinit
                0x000442f4                __sfp
                0x000443f0                __sfp_lock_acquire
                0x000443f4                __sfp_lock_release
                0x000443f8                __sinit_lock_acquire
                0x000443fc                __sinit_lock_release
                0x00044400                __fp_lock_all
                0x00044418                __fp_unlock_all
 .text          0x00044430      0x40c /opt/altera/13.1/nios2eds/bin/gnu/H-i686-pc-linux-gnu/bin/../lib/gcc/nios2-elf/4.7.3/../../../../../H-i686-pc-linux-gnu/nios2-elf/lib/libc.a(lib_a-freer.o)
                0x00044430                _malloc_trim_r
                0x0004456c                _free_r
 .text          0x0004483c      0x4e4 /opt/altera/13.1/nios2eds/bin/gnu/H-i686-pc-linux-gnu/bin/../lib/gcc/nios2-elf/4.7.3/../../../../../H-i686-pc-linux-gnu/nios2-elf/lib/libc.a(lib_a-fvwrite.o)
                0x0004483c                __sfvwrite_r
 .text          0x00044d20      0x160 /opt/altera/13.1/nios2eds/bin/gnu/H-i686-pc-linux-gnu/bin/../lib/gcc/nios2-elf/4.7.3/../../../../../H-i686-pc-linux-gnu/nios2-elf/lib/libc.a(lib_a-fwalk.o)
                0x00044d20                _fwalk
                0x00044dc8                _fwalk_reent
 .text          0x00044e80        0x0 /opt/altera/13.1/nios2eds/bin/gnu/H-i686-pc-linux-gnu/bin/../lib/gcc/nios2-elf/4.7.3/../../../../../H-i686-pc-linux-gnu/nios2-elf/lib/libc.a(lib_a-impure.o)
 .text          0x00044e80       0xdc /opt/altera/13.1/nios2eds/bin/gnu/H-i686-pc-linux-gnu/bin/../lib/gcc/nios2-elf/4.7.3/../../../../../H-i686-pc-linux-gnu/nios2-elf/lib/libc.a(lib_a-locale.o)
                0x00044e80                _setlocale_r
                0x00044f1c                __locale_charset
                0x00044f28                _localeconv_r
                0x00044f34                setlocale
                0x00044f50                localeconv
 .text          0x00044f5c      0x1a8 /opt/altera/13.1/nios2eds/bin/gnu/H-i686-pc-linux-gnu/bin/../lib/gcc/nios2-elf/4.7.3/../../../../../H-i686-pc-linux-gnu/nios2-elf/lib/libc.a(lib_a-makebuf.o)
                0x00044f5c                __smakebuf_r
 .text          0x00045104      0x784 /opt/altera/13.1/nios2eds/bin/gnu/H-i686-pc-linux-gnu/bin/../lib/gcc/nios2-elf/4.7.3/../../../../../H-i686-pc-linux-gnu/nios2-elf/lib/libc.a(lib_a-mallocr.o)
                0x00045104                _malloc_r
 .text          0x00045888       0xf8 /opt/altera/13.1/nios2eds/bin/gnu/H-i686-pc-linux-gnu/bin/../lib/gcc/nios2-elf/4.7.3/../../../../../H-i686-pc-linux-gnu/nios2-elf/lib/libc.a(lib_a-memchr.o)
                0x00045888                memchr
 .text          0x00045980       0xf8 /opt/altera/13.1/nios2eds/bin/gnu/H-i686-pc-linux-gnu/bin/../lib/gcc/nios2-elf/4.7.3/../../../../../H-i686-pc-linux-gnu/nios2-elf/lib/libc.a(lib_a-memcpy.o)
                0x00045980                memcpy
 .text          0x00045a78      0x128 /opt/altera/13.1/nios2eds/bin/gnu/H-i686-pc-linux-gnu/bin/../lib/gcc/nios2-elf/4.7.3/../../../../../H-i686-pc-linux-gnu/nios2-elf/lib/libc.a(lib_a-memmove.o)
                0x00045a78                memmove
 .text          0x00045ba0       0xdc /opt/altera/13.1/nios2eds/bin/gnu/H-i686-pc-linux-gnu/bin/../lib/gcc/nios2-elf/4.7.3/../../../../../H-i686-pc-linux-gnu/nios2-elf/lib/libc.a(lib_a-memset.o)
                0x00045ba0                memset
 .text          0x00045c7c      0xfa8 /opt/altera/13.1/nios2eds/bin/gnu/H-i686-pc-linux-gnu/bin/../lib/gcc/nios2-elf/4.7.3/../../../../../H-i686-pc-linux-gnu/nios2-elf/lib/libc.a(lib_a-mprec.o)
                0x00045c7c                _Balloc
                0x00045d24                _Bfree
                0x00045d4c                __multadd
                0x00045e60                __s2b
                0x00045f64                __hi0bits
                0x00045fcc                __lo0bits
                0x0004607c                __i2b
                0x000460b8                __multiply
                0x00046298                __pow5mult
                0x000463c4                __lshift
                0x00046520                __mcmp
                0x00046578                __mdiff
                0x00046720                __ulp
                0x00046780                __b2d
                0x000468c8                __d2b
                0x00046a0c                __ratio
                0x00046ab0                _mprec_log10
                0x00046b24                __copybits
                0x00046ba0                __any_on
 .text          0x00046c24      0x5fc /opt/altera/13.1/nios2eds/bin/gnu/H-i686-pc-linux-gnu/bin/../lib/gcc/nios2-elf/4.7.3/../../../../../H-i686-pc-linux-gnu/nios2-elf/lib/libc.a(lib_a-reallocr.o)
                0x00046c24                _realloc_r
 .text          0x00047220       0x38 /opt/altera/13.1/nios2eds/bin/gnu/H-i686-pc-linux-gnu/bin/../lib/gcc/nios2-elf/4.7.3/../../../../../H-i686-pc-linux-gnu/nios2-elf/lib/libc.a(lib_a-s_isinfd.o)
                0x00047220                __isinfd
 .text          0x00047258       0x2c /opt/altera/13.1/nios2eds/bin/gnu/H-i686-pc-linux-gnu/bin/../lib/gcc/nios2-elf/4.7.3/../../../../../H-i686-pc-linux-gnu/nios2-elf/lib/libc.a(lib_a-s_isnand.o)
                0x00047258                __isnand
 .text          0x00047284       0x64 /opt/altera/13.1/nios2eds/bin/gnu/H-i686-pc-linux-gnu/bin/../lib/gcc/nios2-elf/4.7.3/../../../../../H-i686-pc-linux-gnu/nios2-elf/lib/libc.a(lib_a-sbrkr.o)
                0x00047284                _sbrk_r
 .text          0x000472e8      0x140 /opt/altera/13.1/nios2eds/bin/gnu/H-i686-pc-linux-gnu/bin/../lib/gcc/nios2-elf/4.7.3/../../../../../H-i686-pc-linux-gnu/nios2-elf/lib/libc.a(lib_a-stdio.o)
                0x000472e8                __sread
                0x0004733c                __swrite
                0x000473c4                __sseek
                0x00047420                __sclose
 .text          0x00047428       0xa4 /opt/altera/13.1/nios2eds/bin/gnu/H-i686-pc-linux-gnu/bin/../lib/gcc/nios2-elf/4.7.3/../../../../../H-i686-pc-linux-gnu/nios2-elf/lib/libc.a(lib_a-strcmp.o)
                0x00047428                strcmp
 .text          0x000474cc       0x8c /opt/altera/13.1/nios2eds/bin/gnu/H-i686-pc-linux-gnu/bin/../lib/gcc/nios2-elf/4.7.3/../../../../../H-i686-pc-linux-gnu/nios2-elf/lib/libc.a(lib_a-strlen.o)
                0x000474cc                strlen
 .text          0x00047558       0x6c /opt/altera/13.1/nios2eds/bin/gnu/H-i686-pc-linux-gnu/bin/../lib/gcc/nios2-elf/4.7.3/../../../../../H-i686-pc-linux-gnu/nios2-elf/lib/libc.a(lib_a-writer.o)
                0x00047558                _write_r
 .text          0x000475c4       0xbc /opt/altera/13.1/nios2eds/bin/gnu/H-i686-pc-linux-gnu/bin/../lib/gcc/nios2-elf/4.7.3/../../../../../H-i686-pc-linux-gnu/nios2-elf/lib/libc.a(lib_a-callocr.o)
                0x000475c4                _calloc_r
 .text          0x00047680       0x64 /opt/altera/13.1/nios2eds/bin/gnu/H-i686-pc-linux-gnu/bin/../lib/gcc/nios2-elf/4.7.3/../../../../../H-i686-pc-linux-gnu/nios2-elf/lib/libc.a(lib_a-closer.o)
                0x00047680                _close_r
 .text          0x000476e4      0x150 /opt/altera/13.1/nios2eds/bin/gnu/H-i686-pc-linux-gnu/bin/../lib/gcc/nios2-elf/4.7.3/../../../../../H-i686-pc-linux-gnu/nios2-elf/lib/libc.a(lib_a-fclose.o)
                0x000476e4                _fclose_r
                0x00047820                fclose
 .text          0x00047834       0x68 /opt/altera/13.1/nios2eds/bin/gnu/H-i686-pc-linux-gnu/bin/../lib/gcc/nios2-elf/4.7.3/../../../../../H-i686-pc-linux-gnu/nios2-elf/lib/libc.a(lib_a-fstatr.o)
                0x00047834                _fstat_r
 .text          0x0004789c        0x0 /opt/altera/13.1/nios2eds/bin/gnu/H-i686-pc-linux-gnu/bin/../lib/gcc/nios2-elf/4.7.3/../../../../../H-i686-pc-linux-gnu/nios2-elf/lib/libc.a(lib_a-int_errno.o)
 .text          0x0004789c       0x64 /opt/altera/13.1/nios2eds/bin/gnu/H-i686-pc-linux-gnu/bin/../lib/gcc/nios2-elf/4.7.3/../../../../../H-i686-pc-linux-gnu/nios2-elf/lib/libc.a(lib_a-isattyr.o)
                0x0004789c                _isatty_r
 .text          0x00047900       0x6c /opt/altera/13.1/nios2eds/bin/gnu/H-i686-pc-linux-gnu/bin/../lib/gcc/nios2-elf/4.7.3/../../../../../H-i686-pc-linux-gnu/nios2-elf/lib/libc.a(lib_a-lseekr.o)
                0x00047900                _lseek_r
 .text          0x0004796c       0x6c /opt/altera/13.1/nios2eds/bin/gnu/H-i686-pc-linux-gnu/bin/../lib/gcc/nios2-elf/4.7.3/../../../../../H-i686-pc-linux-gnu/nios2-elf/lib/libc.a(lib_a-readr.o)
                0x0004796c                _read_r
 .text          0x000479d8      0x5c8 /opt/altera/13.1/nios2eds/bin/gnu/H-i686-pc-linux-gnu/bin/../lib/gcc/nios2-elf/4.7.3/libgcc.a(_udivdi3.o)
                0x000479d8                __udivdi3
 .text          0x00047fa0      0x58c /opt/altera/13.1/nios2eds/bin/gnu/H-i686-pc-linux-gnu/bin/../lib/gcc/nios2-elf/4.7.3/libgcc.a(_umoddi3.o)
                0x00047fa0                __umoddi3
 .text          0x0004852c      0x408 /opt/altera/13.1/nios2eds/bin/gnu/H-i686-pc-linux-gnu/bin/../lib/gcc/nios2-elf/4.7.3/libgcc.a(_addsub_df.o)
                0x00048880                __adddf3
                0x000488d4                __subdf3
 .text          0x00048934      0x2e4 /opt/altera/13.1/nios2eds/bin/gnu/H-i686-pc-linux-gnu/bin/../lib/gcc/nios2-elf/4.7.3/libgcc.a(_mul_df.o)
                0x00048934                __muldf3
 .text          0x00048c18      0x1b4 /opt/altera/13.1/nios2eds/bin/gnu/H-i686-pc-linux-gnu/bin/../lib/gcc/nios2-elf/4.7.3/libgcc.a(_div_df.o)
                0x00048c18                __divdf3
 .text          0x00048dcc       0x5c /opt/altera/13.1/nios2eds/bin/gnu/H-i686-pc-linux-gnu/bin/../lib/gcc/nios2-elf/4.7.3/libgcc.a(_eq_df.o)
                0x00048dcc                __eqdf2
 .text          0x00048e28       0x5c /opt/altera/13.1/nios2eds/bin/gnu/H-i686-pc-linux-gnu/bin/../lib/gcc/nios2-elf/4.7.3/libgcc.a(_ne_df.o)
                0x00048e28                __nedf2
 .text          0x00048e84       0x64 /opt/altera/13.1/nios2eds/bin/gnu/H-i686-pc-linux-gnu/bin/../lib/gcc/nios2-elf/4.7.3/libgcc.a(_gt_df.o)
                0x00048e84                __gtdf2
 .text          0x00048ee8       0x64 /opt/altera/13.1/nios2eds/bin/gnu/H-i686-pc-linux-gnu/bin/../lib/gcc/nios2-elf/4.7.3/libgcc.a(_ge_df.o)
                0x00048ee8                __gedf2
 .text          0x00048f4c       0x5c /opt/altera/13.1/nios2eds/bin/gnu/H-i686-pc-linux-gnu/bin/../lib/gcc/nios2-elf/4.7.3/libgcc.a(_lt_df.o)
                0x00048f4c                __ltdf2
 .text          0x00048fa8       0xd4 /opt/altera/13.1/nios2eds/bin/gnu/H-i686-pc-linux-gnu/bin/../lib/gcc/nios2-elf/4.7.3/libgcc.a(_si_to_df.o)
                0x00048fa8                __floatsidf
 .text          0x0004907c       0xd4 /opt/altera/13.1/nios2eds/bin/gnu/H-i686-pc-linux-gnu/bin/../lib/gcc/nios2-elf/4.7.3/libgcc.a(_df_to_si.o)
                0x0004907c                __fixdfsi
 .text          0x00049150        0x0 /opt/altera/13.1/nios2eds/bin/gnu/H-i686-pc-linux-gnu/bin/../lib/gcc/nios2-elf/4.7.3/libgcc.a(_thenan_df.o)
 .text          0x00049150      0x11c /opt/altera/13.1/nios2eds/bin/gnu/H-i686-pc-linux-gnu/bin/../lib/gcc/nios2-elf/4.7.3/libgcc.a(_usi_to_df.o)
                0x00049150                __floatunsidf
 .text          0x0004926c       0x60 /opt/altera/13.1/nios2eds/bin/gnu/H-i686-pc-linux-gnu/bin/../lib/gcc/nios2-elf/4.7.3/libgcc.a(_muldi3.o)
                0x0004926c                __muldi3
 .text          0x000492cc        0x0 /opt/altera/13.1/nios2eds/bin/gnu/H-i686-pc-linux-gnu/bin/../lib/gcc/nios2-elf/4.7.3/libgcc.a(_clz.o)
 .text          0x000492cc       0xac /opt/altera/13.1/nios2eds/bin/gnu/H-i686-pc-linux-gnu/bin/../lib/gcc/nios2-elf/4.7.3/libgcc.a(_clzsi2.o)
                0x000492cc                __clzsi2
 .text          0x00049378      0x224 /opt/altera/13.1/nios2eds/bin/gnu/H-i686-pc-linux-gnu/bin/../lib/gcc/nios2-elf/4.7.3/libgcc.a(_pack_df.o)
                0x00049378                __pack_d
 .text          0x0004959c      0x104 /opt/altera/13.1/nios2eds/bin/gnu/H-i686-pc-linux-gnu/bin/../lib/gcc/nios2-elf/4.7.3/libgcc.a(_unpack_df.o)
                0x0004959c                __unpack_d
 .text          0x000496a0       0xd0 /opt/altera/13.1/nios2eds/bin/gnu/H-i686-pc-linux-gnu/bin/../lib/gcc/nios2-elf/4.7.3/libgcc.a(_fpcmp_parts_df.o)
                0x000496a0                __fpcmp_parts_d
 .text          0x00049770       0x44 /opt/altera/13.1/nios2eds/bin/gnu/H-i686-pc-linux-gnu/bin/../lib/gcc/nios2-elf/4.7.3/libgcc.a(_lshrdi3.o)
                0x00049770                __lshrdi3
 .text          0x000497b4       0x44 /opt/altera/13.1/nios2eds/bin/gnu/H-i686-pc-linux-gnu/bin/../lib/gcc/nios2-elf/4.7.3/libgcc.a(_ashldi3.o)
                0x000497b4                __ashldi3
 .text          0x000497f8      0x118 ../esn7e_offlinestream_demo_bsp//libhal_bsp.a(alt_close.o)
                0x00049848                close
 .text          0x00049910       0x2c ../esn7e_offlinestream_demo_bsp//libhal_bsp.a(alt_dev.o)
 .text          0x0004993c        0x0 ../esn7e_offlinestream_demo_bsp//libhal_bsp.a(alt_errno.o)
 .text          0x0004993c       0xfc ../esn7e_offlinestream_demo_bsp//libhal_bsp.a(alt_fstat.o)
                0x0004998c                fstat
 .text          0x00049a38       0xf0 ../esn7e_offlinestream_demo_bsp//libhal_bsp.a(alt_isatty.o)
                0x00049a88                isatty
 .text          0x00049b28       0xec ../esn7e_offlinestream_demo_bsp//libhal_bsp.a(alt_load.o)
                0x00049b94                alt_load
 .text          0x00049c14      0x120 ../esn7e_offlinestream_demo_bsp//libhal_bsp.a(alt_lseek.o)
                0x00049c64                lseek
 .text          0x00049d34       0x78 ../esn7e_offlinestream_demo_bsp//libhal_bsp.a(alt_main.o)
                0x00049d34                alt_main
 .text          0x00049dac       0x40 ../esn7e_offlinestream_demo_bsp//libhal_bsp.a(alt_malloc_lock.o)
                0x00049dac                __malloc_lock
                0x00049dcc                __malloc_unlock
 .text          0x00049dec      0x140 ../esn7e_offlinestream_demo_bsp//libhal_bsp.a(alt_read.o)
                0x00049e3c                read
 .text          0x00049f2c       0x60 ../esn7e_offlinestream_demo_bsp//libhal_bsp.a(alt_release_fd.o)
                0x00049f2c                alt_release_fd
 .text          0x00049f8c       0xb0 ../esn7e_offlinestream_demo_bsp//libhal_bsp.a(alt_sbrk.o)
                0x00049f8c                sbrk
 .text          0x0004a03c       0x30 ../esn7e_offlinestream_demo_bsp//libhal_bsp.a(alt_usleep.o)
                0x0004a03c                usleep
 .text          0x0004a06c      0x13c ../esn7e_offlinestream_demo_bsp//libhal_bsp.a(alt_write.o)
                0x0004a0bc                write
 .text          0x0004a1a8       0xb8 ../esn7e_offlinestream_demo_bsp//libhal_bsp.a(alt_sys_init.o)
                0x0004a1e0                alt_irq_init
                0x0004a214                alt_sys_init
 .text          0x0004a260      0x4f0 ../esn7e_offlinestream_demo_bsp//libhal_bsp.a(altera_avalon_fifo_util.o)
                0x0004a260                altera_avalon_fifo_init
                0x0004a2f8                altera_avalon_fifo_read_status
                0x0004a334                altera_avalon_fifo_read_ienable
                0x0004a370                altera_avalon_fifo_read_almostfull
                0x0004a39c                altera_avalon_fifo_read_almostempty
                0x0004a3c8                altera_avalon_fifo_read_event
                0x0004a404                altera_avalon_fifo_read_level
                0x0004a42c                altera_avalon_fifo_clear_event
                0x0004a488                altera_avalon_fifo_write_ienable
                0x0004a4e0                altera_avalon_fifo_write_almostfull
                0x0004a538                altera_avalon_fifo_write_almostempty
                0x0004a590                altera_avalon_fifo_write_fifo
                0x0004a5e8                altera_avalon_read_fifo
                0x0004a654                altera_avalon_fifo_read_fifo
                0x0004a6a0                altera_avalon_fifo_write_other_info
                0x0004a6fc                altera_avalon_fifo_read_other_info
                0x0004a728                altera_avalon_fifo_read_backpressure
 .text          0x0004a750      0x164 ../esn7e_offlinestream_demo_bsp//libhal_bsp.a(altera_avalon_jtag_uart_fd.o)
                0x0004a750                altera_avalon_jtag_uart_read_fd
                0x0004a7b0                altera_avalon_jtag_uart_write_fd
                0x0004a810                altera_avalon_jtag_uart_close_fd
                0x0004a860                altera_avalon_jtag_uart_ioctl_fd
 .text          0x0004a8b4      0x3d0 ../esn7e_offlinestream_demo_bsp//libhal_bsp.a(altera_avalon_jtag_uart_init.o)
                0x0004a8b4                altera_avalon_jtag_uart_init
                0x0004ac1c                altera_avalon_jtag_uart_close
 .text          0x0004ac84       0xf4 ../esn7e_offlinestream_demo_bsp//libhal_bsp.a(altera_avalon_jtag_uart_ioctl.o)
                0x0004ac84                altera_avalon_jtag_uart_ioctl
 .text          0x0004ad78      0x218 ../esn7e_offlinestream_demo_bsp//libhal_bsp.a(altera_avalon_jtag_uart_read.o)
                0x0004ad78                altera_avalon_jtag_uart_read
 .text          0x0004af90      0x224 ../esn7e_offlinestream_demo_bsp//libhal_bsp.a(altera_avalon_jtag_uart_write.o)
                0x0004af90                altera_avalon_jtag_uart_write
 .text          0x0004b1b4      0x140 ../esn7e_offlinestream_demo_bsp//libhal_bsp.a(alt_alarm_start.o)
                0x0004b1b4                alt_alarm_start
 .text          0x0004b2f4      0x154 ../esn7e_offlinestream_demo_bsp//libhal_bsp.a(alt_busy_sleep.o)
                0x0004b2f4                alt_busy_sleep
 .text          0x0004b448       0x44 ../esn7e_offlinestream_demo_bsp//libhal_bsp.a(alt_dcache_flush_all.o)
                0x0004b448                alt_dcache_flush_all
 .text          0x0004b48c       0xf0 ../esn7e_offlinestream_demo_bsp//libhal_bsp.a(alt_dev_llist_insert.o)
                0x0004b4dc                alt_dev_llist_insert
 .text          0x0004b57c       0x5c ../esn7e_offlinestream_demo_bsp//libhal_bsp.a(alt_do_ctors.o)
                0x0004b57c                _do_ctors
 .text          0x0004b5d8       0x5c ../esn7e_offlinestream_demo_bsp//libhal_bsp.a(alt_do_dtors.o)
                0x0004b5d8                _do_dtors
 .text          0x0004b634       0x30 ../esn7e_offlinestream_demo_bsp//libhal_bsp.a(alt_icache_flush_all.o)
                0x0004b634                alt_icache_flush_all
 .text          0x0004b664      0x1d8 ../esn7e_offlinestream_demo_bsp//libhal_bsp.a(alt_iic.o)
                0x0004b664                alt_ic_isr_register
                0x0004b6b4                alt_ic_irq_enable
                0x0004b750                alt_ic_irq_disable
                0x0004b7f0                alt_ic_irq_enabled
 .text          0x0004b83c       0xf0 ../esn7e_offlinestream_demo_bsp//libhal_bsp.a(alt_iic_isr_register.o)
                0x0004b83c                alt_iic_isr_register
 .text          0x0004b92c      0x138 ../esn7e_offlinestream_demo_bsp//libhal_bsp.a(alt_io_redirect.o)
                0x0004b9ec                alt_io_redirect
 .text          0x0004ba64        0x0 ../esn7e_offlinestream_demo_bsp//libhal_bsp.a(alt_irq_entry.o)
 .text          0x0004ba64        0x0 ../esn7e_offlinestream_demo_bsp//libhal_bsp.a(alt_irq_handler.o)
 .text          0x0004ba64        0x0 ../esn7e_offlinestream_demo_bsp//libhal_bsp.a(alt_irq_vars.o)
 .text          0x0004ba64      0x270 ../esn7e_offlinestream_demo_bsp//libhal_bsp.a(alt_open.o)
                0x0004bb80                open
 .text          0x0004bcd4      0x19c ../esn7e_offlinestream_demo_bsp//libhal_bsp.a(alt_tick.o)
                0x0004bcd4                alt_alarm_stop
                0x0004bd6c                alt_tick
 .text          0x0004be70       0x20 ../esn7e_offlinestream_demo_bsp//libhal_bsp.a(altera_nios2_qsys_irq.o)
                0x0004be70                altera_nios2_qsys_irq_init
 .text          0x0004be90        0x0 ../esn7e_offlinestream_demo_bsp//libhal_bsp.a(alt_exception_entry.o)
 .text          0x0004be90       0x90 ../esn7e_offlinestream_demo_bsp//libhal_bsp.a(alt_find_dev.o)
                0x0004be90                alt_find_dev
 .text          0x0004bf20      0x114 ../esn7e_offlinestream_demo_bsp//libhal_bsp.a(alt_find_file.o)
                0x0004bf20                alt_find_file
 .text          0x0004c034       0xb4 ../esn7e_offlinestream_demo_bsp//libhal_bsp.a(alt_get_fd.o)
                0x0004c034                alt_get_fd
 .text          0x0004c0e8       0x8c ../esn7e_offlinestream_demo_bsp//libhal_bsp.a(alt_icache_flush.o)
                0x0004c0e8                alt_icache_flush
 .text          0x0004c174       0x14 /opt/altera/13.1/nios2eds/bin/gnu/H-i686-pc-linux-gnu/bin/../lib/gcc/nios2-elf/4.7.3/../../../../../H-i686-pc-linux-gnu/nios2-elf/lib/libc.a(lib_a-atexit.o)
                0x0004c174                atexit
 .text          0x0004c188       0x38 /opt/altera/13.1/nios2eds/bin/gnu/H-i686-pc-linux-gnu/bin/../lib/gcc/nios2-elf/4.7.3/../../../../../H-i686-pc-linux-gnu/nios2-elf/lib/libc.a(lib_a-exit.o)
                0x0004c188                exit
 .text          0x0004c1c0       0x7c /opt/altera/13.1/nios2eds/bin/gnu/H-i686-pc-linux-gnu/bin/../lib/gcc/nios2-elf/4.7.3/../../../../../H-i686-pc-linux-gnu/nios2-elf/lib/libc.a(lib_a-memcmp.o)
                0x0004c1c0                memcmp
 .text          0x0004c23c      0x130 /opt/altera/13.1/nios2eds/bin/gnu/H-i686-pc-linux-gnu/bin/../lib/gcc/nios2-elf/4.7.3/../../../../../H-i686-pc-linux-gnu/nios2-elf/lib/libc.a(lib_a-__atexit.o)
                0x0004c23c                __register_exitproc
 .text          0x0004c36c      0x1a0 /opt/altera/13.1/nios2eds/bin/gnu/H-i686-pc-linux-gnu/bin/../lib/gcc/nios2-elf/4.7.3/../../../../../H-i686-pc-linux-gnu/nios2-elf/lib/libc.a(lib_a-__call_atexit.o)
                0x0004c36c                __call_exitprocs
 .text          0x0004c50c       0x3c ../esn7e_offlinestream_demo_bsp//libhal_bsp.a(alt_exit.o)
                0x0004c50c                _exit
 *(.gnu.warning.*)
 *(.fini)
                0x0004c548                PROVIDE (__etext, ABSOLUTE (.))
                0x0004c548                PROVIDE (_etext, ABSOLUTE (.))
                0x0004c548                PROVIDE (etext, ABSOLUTE (.))
 *(.eh_frame_hdr)
                0x0004c548                . = ALIGN (0x4)
                0x0004c548                PROVIDE (__preinit_array_start, ABSOLUTE (.))
 *(.preinit_array)
                0x0004c548                PROVIDE (__preinit_array_end, ABSOLUTE (.))
                0x0004c548                PROVIDE (__init_array_start, ABSOLUTE (.))
 *(.init_array)
                0x0004c548                PROVIDE (__init_array_end, ABSOLUTE (.))
                0x0004c548                PROVIDE (__fini_array_start, ABSOLUTE (.))
 *(.fini_array)
                0x0004c548                PROVIDE (__fini_array_end, ABSOLUTE (.))
 *(.eh_frame)
 *(.gcc_except_table .gcc_except_table.*)
 *(.dynamic)
                0x0004c548                PROVIDE (__CTOR_LIST__, ABSOLUTE (.))
 *(.ctors)
 *(SORT(.ctors.*))
                0x0004c548                PROVIDE (__CTOR_END__, ABSOLUTE (.))
                0x0004c548                PROVIDE (__DTOR_LIST__, ABSOLUTE (.))
 *(.dtors)
 *(SORT(.dtors.*))
                0x0004c548                PROVIDE (__DTOR_END__, ABSOLUTE (.))
 *(.jcr)
                0x0004c548                . = ALIGN (0x4)

.rodata         0x0004c548      0x32c
                0x0004c548                PROVIDE (__ram_rodata_start, ABSOLUTE (.))
                0x0004c548                . = ALIGN (0x4)
 *(.rodata .rodata.* .gnu.linkonce.r.*)
 .rodata        0x0004c548       0x10 obj/default/main.o
 .rodata.str1.4
                0x0004c558       0x42 /opt/altera/13.1/nios2eds/bin/gnu/H-i686-pc-linux-gnu/bin/../lib/gcc/nios2-elf/4.7.3/../../../../../H-i686-pc-linux-gnu/nios2-elf/lib/libc.a(lib_a-vfprintf.o)
                                 0x44 (size before relaxing)
 .rodata        0x0004c59a       0x20 /opt/altera/13.1/nios2eds/bin/gnu/H-i686-pc-linux-gnu/bin/../lib/gcc/nios2-elf/4.7.3/../../../../../H-i686-pc-linux-gnu/nios2-elf/lib/libc.a(lib_a-vfprintf.o)
 *fill*         0x0004c5ba        0x2 
 .rodata.str1.4
                0x0004c5bc       0x10 /opt/altera/13.1/nios2eds/bin/gnu/H-i686-pc-linux-gnu/bin/../lib/gcc/nios2-elf/4.7.3/../../../../../H-i686-pc-linux-gnu/nios2-elf/lib/libc.a(lib_a-dtoa.o)
                                 0x14 (size before relaxing)
 .rodata.str1.4
                0x0004c5cc        0x2 /opt/altera/13.1/nios2eds/bin/gnu/H-i686-pc-linux-gnu/bin/../lib/gcc/nios2-elf/4.7.3/../../../../../H-i686-pc-linux-gnu/nios2-elf/lib/libc.a(lib_a-impure.o)
                                  0x4 (size before relaxing)
 *fill*         0x0004c5ce        0x2 
 .rodata.str1.4
                0x0004c5d0       0x10 /opt/altera/13.1/nios2eds/bin/gnu/H-i686-pc-linux-gnu/bin/../lib/gcc/nios2-elf/4.7.3/../../../../../H-i686-pc-linux-gnu/nios2-elf/lib/libc.a(lib_a-locale.o)
                                 0x18 (size before relaxing)
 .rodata        0x0004c5e0       0x30 /opt/altera/13.1/nios2eds/bin/gnu/H-i686-pc-linux-gnu/bin/../lib/gcc/nios2-elf/4.7.3/../../../../../H-i686-pc-linux-gnu/nios2-elf/lib/libc.a(lib_a-locale.o)
 .rodata        0x0004c610      0x124 /opt/altera/13.1/nios2eds/bin/gnu/H-i686-pc-linux-gnu/bin/../lib/gcc/nios2-elf/4.7.3/../../../../../H-i686-pc-linux-gnu/nios2-elf/lib/libc.a(lib_a-mprec.o)
                0x0004c610                __mprec_tinytens
                0x0004c638                __mprec_bigtens
                0x0004c660                __mprec_tens
 .rodata        0x0004c734       0x14 /opt/altera/13.1/nios2eds/bin/gnu/H-i686-pc-linux-gnu/bin/../lib/gcc/nios2-elf/4.7.3/libgcc.a(_thenan_df.o)
                0x0004c734                __thenan_df
 .rodata        0x0004c748      0x100 /opt/altera/13.1/nios2eds/bin/gnu/H-i686-pc-linux-gnu/bin/../lib/gcc/nios2-elf/4.7.3/libgcc.a(_clz.o)
                0x0004c748                __clz_tab
 .rodata        0x0004c848        0xc ../esn7e_offlinestream_demo_bsp//libhal_bsp.a(alt_dev.o)
 .rodata        0x0004c854       0x10 ../esn7e_offlinestream_demo_bsp//libhal_bsp.a(alt_main.o)
 .rodata        0x0004c864       0x10 ../esn7e_offlinestream_demo_bsp//libhal_bsp.a(alt_sys_init.o)
 *(.rodata1)
                0x0004c874                . = ALIGN (0x4)
                0x0004c874                PROVIDE (__ram_rodata_end, ABSOLUTE (.))
                0x0004c548                PROVIDE (__flash_rodata_start, LOADADDR (.rodata))

.rwdata         0x0004c874     0x1a58 load address 0x0004e2cc
                0x0004c874                PROVIDE (__ram_rwdata_start, ABSOLUTE (.))
                0x0004c874                . = ALIGN (0x4)
 *(.got.plt)
 *(.got)
 *(.data1)
 *(.data .data.* .gnu.linkonce.d.*)
 .data          0x0004c874        0x0 ../esn7e_offlinestream_demo_bsp//obj/HAL/src/crt0.o
 .data          0x0004c874        0x0 obj/default/main.o
 .data          0x0004c874        0x0 /opt/altera/13.1/nios2eds/bin/gnu/H-i686-pc-linux-gnu/bin/../lib/gcc/nios2-elf/4.7.3/libgcc.a(lib2-divmod.o)
 .data          0x0004c874        0x0 /opt/altera/13.1/nios2eds/bin/gnu/H-i686-pc-linux-gnu/bin/../lib/gcc/nios2-elf/4.7.3/../../../../../H-i686-pc-linux-gnu/nios2-elf/lib/libc.a(lib_a-printf.o)
 .data          0x0004c874        0x0 /opt/altera/13.1/nios2eds/bin/gnu/H-i686-pc-linux-gnu/bin/../lib/gcc/nios2-elf/4.7.3/../../../../../H-i686-pc-linux-gnu/nios2-elf/lib/libc.a(lib_a-vfprintf.o)
 .data          0x0004c874        0x0 /opt/altera/13.1/nios2eds/bin/gnu/H-i686-pc-linux-gnu/bin/../lib/gcc/nios2-elf/4.7.3/../../../../../H-i686-pc-linux-gnu/nios2-elf/lib/libc.a(lib_a-wsetup.o)
 .data          0x0004c874        0x0 /opt/altera/13.1/nios2eds/bin/gnu/H-i686-pc-linux-gnu/bin/../lib/gcc/nios2-elf/4.7.3/../../../../../H-i686-pc-linux-gnu/nios2-elf/lib/libc.a(lib_a-dtoa.o)
 .data          0x0004c874        0x0 /opt/altera/13.1/nios2eds/bin/gnu/H-i686-pc-linux-gnu/bin/../lib/gcc/nios2-elf/4.7.3/../../../../../H-i686-pc-linux-gnu/nios2-elf/lib/libc.a(lib_a-fflush.o)
 .data          0x0004c874        0x0 /opt/altera/13.1/nios2eds/bin/gnu/H-i686-pc-linux-gnu/bin/../lib/gcc/nios2-elf/4.7.3/../../../../../H-i686-pc-linux-gnu/nios2-elf/lib/libc.a(lib_a-findfp.o)
 .data          0x0004c874        0x0 /opt/altera/13.1/nios2eds/bin/gnu/H-i686-pc-linux-gnu/bin/../lib/gcc/nios2-elf/4.7.3/../../../../../H-i686-pc-linux-gnu/nios2-elf/lib/libc.a(lib_a-freer.o)
 .data          0x0004c874        0x0 /opt/altera/13.1/nios2eds/bin/gnu/H-i686-pc-linux-gnu/bin/../lib/gcc/nios2-elf/4.7.3/../../../../../H-i686-pc-linux-gnu/nios2-elf/lib/libc.a(lib_a-fvwrite.o)
 .data          0x0004c874        0x0 /opt/altera/13.1/nios2eds/bin/gnu/H-i686-pc-linux-gnu/bin/../lib/gcc/nios2-elf/4.7.3/../../../../../H-i686-pc-linux-gnu/nios2-elf/lib/libc.a(lib_a-fwalk.o)
 .data          0x0004c874      0x400 /opt/altera/13.1/nios2eds/bin/gnu/H-i686-pc-linux-gnu/bin/../lib/gcc/nios2-elf/4.7.3/../../../../../H-i686-pc-linux-gnu/nios2-elf/lib/libc.a(lib_a-impure.o)
 .data          0x0004cc74        0xc /opt/altera/13.1/nios2eds/bin/gnu/H-i686-pc-linux-gnu/bin/../lib/gcc/nios2-elf/4.7.3/../../../../../H-i686-pc-linux-gnu/nios2-elf/lib/libc.a(lib_a-locale.o)
                0x0004cc74                __lc_ctype
 .data          0x0004cc80        0x0 /opt/altera/13.1/nios2eds/bin/gnu/H-i686-pc-linux-gnu/bin/../lib/gcc/nios2-elf/4.7.3/../../../../../H-i686-pc-linux-gnu/nios2-elf/lib/libc.a(lib_a-makebuf.o)
 .data          0x0004cc80      0x408 /opt/altera/13.1/nios2eds/bin/gnu/H-i686-pc-linux-gnu/bin/../lib/gcc/nios2-elf/4.7.3/../../../../../H-i686-pc-linux-gnu/nios2-elf/lib/libc.a(lib_a-mallocr.o)
                0x0004cc80                __malloc_av_
 .data          0x0004d088        0x0 /opt/altera/13.1/nios2eds/bin/gnu/H-i686-pc-linux-gnu/bin/../lib/gcc/nios2-elf/4.7.3/../../../../../H-i686-pc-linux-gnu/nios2-elf/lib/libc.a(lib_a-memchr.o)
 .data          0x0004d088        0x0 /opt/altera/13.1/nios2eds/bin/gnu/H-i686-pc-linux-gnu/bin/../lib/gcc/nios2-elf/4.7.3/../../../../../H-i686-pc-linux-gnu/nios2-elf/lib/libc.a(lib_a-memcpy.o)
 .data          0x0004d088        0x0 /opt/altera/13.1/nios2eds/bin/gnu/H-i686-pc-linux-gnu/bin/../lib/gcc/nios2-elf/4.7.3/../../../../../H-i686-pc-linux-gnu/nios2-elf/lib/libc.a(lib_a-memmove.o)
 .data          0x0004d088        0x0 /opt/altera/13.1/nios2eds/bin/gnu/H-i686-pc-linux-gnu/bin/../lib/gcc/nios2-elf/4.7.3/../../../../../H-i686-pc-linux-gnu/nios2-elf/lib/libc.a(lib_a-memset.o)
 .data          0x0004d088        0x0 /opt/altera/13.1/nios2eds/bin/gnu/H-i686-pc-linux-gnu/bin/../lib/gcc/nios2-elf/4.7.3/../../../../../H-i686-pc-linux-gnu/nios2-elf/lib/libc.a(lib_a-mprec.o)
 .data          0x0004d088        0x0 /opt/altera/13.1/nios2eds/bin/gnu/H-i686-pc-linux-gnu/bin/../lib/gcc/nios2-elf/4.7.3/../../../../../H-i686-pc-linux-gnu/nios2-elf/lib/libc.a(lib_a-reallocr.o)
 .data          0x0004d088        0x0 /opt/altera/13.1/nios2eds/bin/gnu/H-i686-pc-linux-gnu/bin/../lib/gcc/nios2-elf/4.7.3/../../../../../H-i686-pc-linux-gnu/nios2-elf/lib/libc.a(lib_a-s_isinfd.o)
 .data          0x0004d088        0x0 /opt/altera/13.1/nios2eds/bin/gnu/H-i686-pc-linux-gnu/bin/../lib/gcc/nios2-elf/4.7.3/../../../../../H-i686-pc-linux-gnu/nios2-elf/lib/libc.a(lib_a-s_isnand.o)
 .data          0x0004d088        0x0 /opt/altera/13.1/nios2eds/bin/gnu/H-i686-pc-linux-gnu/bin/../lib/gcc/nios2-elf/4.7.3/../../../../../H-i686-pc-linux-gnu/nios2-elf/lib/libc.a(lib_a-sbrkr.o)
 .data          0x0004d088        0x0 /opt/altera/13.1/nios2eds/bin/gnu/H-i686-pc-linux-gnu/bin/../lib/gcc/nios2-elf/4.7.3/../../../../../H-i686-pc-linux-gnu/nios2-elf/lib/libc.a(lib_a-stdio.o)
 .data          0x0004d088        0x0 /opt/altera/13.1/nios2eds/bin/gnu/H-i686-pc-linux-gnu/bin/../lib/gcc/nios2-elf/4.7.3/../../../../../H-i686-pc-linux-gnu/nios2-elf/lib/libc.a(lib_a-strcmp.o)
 .data          0x0004d088        0x0 /opt/altera/13.1/nios2eds/bin/gnu/H-i686-pc-linux-gnu/bin/../lib/gcc/nios2-elf/4.7.3/../../../../../H-i686-pc-linux-gnu/nios2-elf/lib/libc.a(lib_a-strlen.o)
 .data          0x0004d088        0x0 /opt/altera/13.1/nios2eds/bin/gnu/H-i686-pc-linux-gnu/bin/../lib/gcc/nios2-elf/4.7.3/../../../../../H-i686-pc-linux-gnu/nios2-elf/lib/libc.a(lib_a-writer.o)
 .data          0x0004d088        0x0 /opt/altera/13.1/nios2eds/bin/gnu/H-i686-pc-linux-gnu/bin/../lib/gcc/nios2-elf/4.7.3/../../../../../H-i686-pc-linux-gnu/nios2-elf/lib/libc.a(lib_a-callocr.o)
 .data          0x0004d088        0x0 /opt/altera/13.1/nios2eds/bin/gnu/H-i686-pc-linux-gnu/bin/../lib/gcc/nios2-elf/4.7.3/../../../../../H-i686-pc-linux-gnu/nios2-elf/lib/libc.a(lib_a-closer.o)
 .data          0x0004d088        0x0 /opt/altera/13.1/nios2eds/bin/gnu/H-i686-pc-linux-gnu/bin/../lib/gcc/nios2-elf/4.7.3/../../../../../H-i686-pc-linux-gnu/nios2-elf/lib/libc.a(lib_a-fclose.o)
 .data          0x0004d088        0x0 /opt/altera/13.1/nios2eds/bin/gnu/H-i686-pc-linux-gnu/bin/../lib/gcc/nios2-elf/4.7.3/../../../../../H-i686-pc-linux-gnu/nios2-elf/lib/libc.a(lib_a-fstatr.o)
 .data          0x0004d088        0x0 /opt/altera/13.1/nios2eds/bin/gnu/H-i686-pc-linux-gnu/bin/../lib/gcc/nios2-elf/4.7.3/../../../../../H-i686-pc-linux-gnu/nios2-elf/lib/libc.a(lib_a-int_errno.o)
 .data          0x0004d088        0x0 /opt/altera/13.1/nios2eds/bin/gnu/H-i686-pc-linux-gnu/bin/../lib/gcc/nios2-elf/4.7.3/../../../../../H-i686-pc-linux-gnu/nios2-elf/lib/libc.a(lib_a-isattyr.o)
 .data          0x0004d088        0x0 /opt/altera/13.1/nios2eds/bin/gnu/H-i686-pc-linux-gnu/bin/../lib/gcc/nios2-elf/4.7.3/../../../../../H-i686-pc-linux-gnu/nios2-elf/lib/libc.a(lib_a-lseekr.o)
 .data          0x0004d088        0x0 /opt/altera/13.1/nios2eds/bin/gnu/H-i686-pc-linux-gnu/bin/../lib/gcc/nios2-elf/4.7.3/../../../../../H-i686-pc-linux-gnu/nios2-elf/lib/libc.a(lib_a-readr.o)
 .data          0x0004d088        0x0 /opt/altera/13.1/nios2eds/bin/gnu/H-i686-pc-linux-gnu/bin/../lib/gcc/nios2-elf/4.7.3/libgcc.a(_udivdi3.o)
 .data          0x0004d088        0x0 /opt/altera/13.1/nios2eds/bin/gnu/H-i686-pc-linux-gnu/bin/../lib/gcc/nios2-elf/4.7.3/libgcc.a(_umoddi3.o)
 .data          0x0004d088        0x0 /opt/altera/13.1/nios2eds/bin/gnu/H-i686-pc-linux-gnu/bin/../lib/gcc/nios2-elf/4.7.3/libgcc.a(_addsub_df.o)
 .data          0x0004d088        0x0 /opt/altera/13.1/nios2eds/bin/gnu/H-i686-pc-linux-gnu/bin/../lib/gcc/nios2-elf/4.7.3/libgcc.a(_mul_df.o)
 .data          0x0004d088        0x0 /opt/altera/13.1/nios2eds/bin/gnu/H-i686-pc-linux-gnu/bin/../lib/gcc/nios2-elf/4.7.3/libgcc.a(_div_df.o)
 .data          0x0004d088        0x0 /opt/altera/13.1/nios2eds/bin/gnu/H-i686-pc-linux-gnu/bin/../lib/gcc/nios2-elf/4.7.3/libgcc.a(_eq_df.o)
 .data          0x0004d088        0x0 /opt/altera/13.1/nios2eds/bin/gnu/H-i686-pc-linux-gnu/bin/../lib/gcc/nios2-elf/4.7.3/libgcc.a(_ne_df.o)
 .data          0x0004d088        0x0 /opt/altera/13.1/nios2eds/bin/gnu/H-i686-pc-linux-gnu/bin/../lib/gcc/nios2-elf/4.7.3/libgcc.a(_gt_df.o)
 .data          0x0004d088        0x0 /opt/altera/13.1/nios2eds/bin/gnu/H-i686-pc-linux-gnu/bin/../lib/gcc/nios2-elf/4.7.3/libgcc.a(_ge_df.o)
 .data          0x0004d088        0x0 /opt/altera/13.1/nios2eds/bin/gnu/H-i686-pc-linux-gnu/bin/../lib/gcc/nios2-elf/4.7.3/libgcc.a(_lt_df.o)
 .data          0x0004d088        0x0 /opt/altera/13.1/nios2eds/bin/gnu/H-i686-pc-linux-gnu/bin/../lib/gcc/nios2-elf/4.7.3/libgcc.a(_si_to_df.o)
 .data          0x0004d088        0x0 /opt/altera/13.1/nios2eds/bin/gnu/H-i686-pc-linux-gnu/bin/../lib/gcc/nios2-elf/4.7.3/libgcc.a(_df_to_si.o)
 .data          0x0004d088        0x0 /opt/altera/13.1/nios2eds/bin/gnu/H-i686-pc-linux-gnu/bin/../lib/gcc/nios2-elf/4.7.3/libgcc.a(_thenan_df.o)
 .data          0x0004d088        0x0 /opt/altera/13.1/nios2eds/bin/gnu/H-i686-pc-linux-gnu/bin/../lib/gcc/nios2-elf/4.7.3/libgcc.a(_usi_to_df.o)
 .data          0x0004d088        0x0 /opt/altera/13.1/nios2eds/bin/gnu/H-i686-pc-linux-gnu/bin/../lib/gcc/nios2-elf/4.7.3/libgcc.a(_muldi3.o)
 .data          0x0004d088        0x0 /opt/altera/13.1/nios2eds/bin/gnu/H-i686-pc-linux-gnu/bin/../lib/gcc/nios2-elf/4.7.3/libgcc.a(_clz.o)
 .data          0x0004d088        0x0 /opt/altera/13.1/nios2eds/bin/gnu/H-i686-pc-linux-gnu/bin/../lib/gcc/nios2-elf/4.7.3/libgcc.a(_clzsi2.o)
 .data          0x0004d088        0x0 /opt/altera/13.1/nios2eds/bin/gnu/H-i686-pc-linux-gnu/bin/../lib/gcc/nios2-elf/4.7.3/libgcc.a(_pack_df.o)
 .data          0x0004d088        0x0 /opt/altera/13.1/nios2eds/bin/gnu/H-i686-pc-linux-gnu/bin/../lib/gcc/nios2-elf/4.7.3/libgcc.a(_unpack_df.o)
 .data          0x0004d088        0x0 /opt/altera/13.1/nios2eds/bin/gnu/H-i686-pc-linux-gnu/bin/../lib/gcc/nios2-elf/4.7.3/libgcc.a(_fpcmp_parts_df.o)
 .data          0x0004d088        0x0 /opt/altera/13.1/nios2eds/bin/gnu/H-i686-pc-linux-gnu/bin/../lib/gcc/nios2-elf/4.7.3/libgcc.a(_lshrdi3.o)
 .data          0x0004d088        0x0 /opt/altera/13.1/nios2eds/bin/gnu/H-i686-pc-linux-gnu/bin/../lib/gcc/nios2-elf/4.7.3/libgcc.a(_ashldi3.o)
 .data          0x0004d088        0x0 ../esn7e_offlinestream_demo_bsp//libhal_bsp.a(alt_close.o)
 .data          0x0004d088      0x1a8 ../esn7e_offlinestream_demo_bsp//libhal_bsp.a(alt_dev.o)
                0x0004d088                alt_dev_null
                0x0004d0b0                alt_fd_list
 .data          0x0004d230        0x0 ../esn7e_offlinestream_demo_bsp//libhal_bsp.a(alt_errno.o)
 .data          0x0004d230        0x0 ../esn7e_offlinestream_demo_bsp//libhal_bsp.a(alt_fstat.o)
 .data          0x0004d230        0x0 ../esn7e_offlinestream_demo_bsp//libhal_bsp.a(alt_isatty.o)
 .data          0x0004d230        0x0 ../esn7e_offlinestream_demo_bsp//libhal_bsp.a(alt_load.o)
 .data          0x0004d230        0x0 ../esn7e_offlinestream_demo_bsp//libhal_bsp.a(alt_lseek.o)
 .data          0x0004d230        0x0 ../esn7e_offlinestream_demo_bsp//libhal_bsp.a(alt_main.o)
 .data          0x0004d230        0x0 ../esn7e_offlinestream_demo_bsp//libhal_bsp.a(alt_malloc_lock.o)
 .data          0x0004d230        0x0 ../esn7e_offlinestream_demo_bsp//libhal_bsp.a(alt_read.o)
 .data          0x0004d230        0x0 ../esn7e_offlinestream_demo_bsp//libhal_bsp.a(alt_release_fd.o)
 .data          0x0004d230        0x0 ../esn7e_offlinestream_demo_bsp//libhal_bsp.a(alt_sbrk.o)
 .data          0x0004d230        0x0 ../esn7e_offlinestream_demo_bsp//libhal_bsp.a(alt_usleep.o)
 .data          0x0004d230        0x0 ../esn7e_offlinestream_demo_bsp//libhal_bsp.a(alt_write.o)
 .data          0x0004d230     0x1060 ../esn7e_offlinestream_demo_bsp//libhal_bsp.a(alt_sys_init.o)
 .data          0x0004e290        0x0 ../esn7e_offlinestream_demo_bsp//libhal_bsp.a(altera_avalon_fifo_util.o)
 .data          0x0004e290        0x0 ../esn7e_offlinestream_demo_bsp//libhal_bsp.a(altera_avalon_jtag_uart_fd.o)
 .data          0x0004e290        0x0 ../esn7e_offlinestream_demo_bsp//libhal_bsp.a(altera_avalon_jtag_uart_init.o)
 .data          0x0004e290        0x0 ../esn7e_offlinestream_demo_bsp//libhal_bsp.a(altera_avalon_jtag_uart_ioctl.o)
 .data          0x0004e290        0x0 ../esn7e_offlinestream_demo_bsp//libhal_bsp.a(altera_avalon_jtag_uart_read.o)
 .data          0x0004e290        0x0 ../esn7e_offlinestream_demo_bsp//libhal_bsp.a(altera_avalon_jtag_uart_write.o)
 .data          0x0004e290        0x0 ../esn7e_offlinestream_demo_bsp//libhal_bsp.a(alt_alarm_start.o)
 .data          0x0004e290        0x0 ../esn7e_offlinestream_demo_bsp//libhal_bsp.a(alt_busy_sleep.o)
 .data          0x0004e290        0x0 ../esn7e_offlinestream_demo_bsp//libhal_bsp.a(alt_dcache_flush_all.o)
 .data          0x0004e290        0x0 ../esn7e_offlinestream_demo_bsp//libhal_bsp.a(alt_dev_llist_insert.o)
 .data          0x0004e290        0x0 ../esn7e_offlinestream_demo_bsp//libhal_bsp.a(alt_do_ctors.o)
 .data          0x0004e290        0x0 ../esn7e_offlinestream_demo_bsp//libhal_bsp.a(alt_do_dtors.o)
 .data          0x0004e290        0x0 ../esn7e_offlinestream_demo_bsp//libhal_bsp.a(alt_icache_flush_all.o)
 .data          0x0004e290        0x0 ../esn7e_offlinestream_demo_bsp//libhal_bsp.a(alt_iic.o)
 .data          0x0004e290        0x0 ../esn7e_offlinestream_demo_bsp//libhal_bsp.a(alt_iic_isr_register.o)
 .data          0x0004e290        0x0 ../esn7e_offlinestream_demo_bsp//libhal_bsp.a(alt_io_redirect.o)
 .data          0x0004e290        0x0 ../esn7e_offlinestream_demo_bsp//libhal_bsp.a(alt_irq_entry.o)
 .data          0x0004e290        0x0 ../esn7e_offlinestream_demo_bsp//libhal_bsp.a(alt_irq_handler.o)
 .data          0x0004e290        0x0 ../esn7e_offlinestream_demo_bsp//libhal_bsp.a(alt_irq_vars.o)
 .data          0x0004e290        0x0 ../esn7e_offlinestream_demo_bsp//libhal_bsp.a(alt_open.o)
 .data          0x0004e290        0x0 ../esn7e_offlinestream_demo_bsp//libhal_bsp.a(alt_tick.o)
 .data          0x0004e290        0x0 ../esn7e_offlinestream_demo_bsp//libhal_bsp.a(altera_nios2_qsys_irq.o)
 .data          0x0004e290        0x0 ../esn7e_offlinestream_demo_bsp//libhal_bsp.a(alt_exception_entry.o)
 .data          0x0004e290        0x0 ../esn7e_offlinestream_demo_bsp//libhal_bsp.a(alt_find_dev.o)
 .data          0x0004e290        0x0 ../esn7e_offlinestream_demo_bsp//libhal_bsp.a(alt_find_file.o)
 .data          0x0004e290        0x0 ../esn7e_offlinestream_demo_bsp//libhal_bsp.a(alt_get_fd.o)
 .data          0x0004e290        0x0 ../esn7e_offlinestream_demo_bsp//libhal_bsp.a(alt_icache_flush.o)
 .data          0x0004e290        0x0 /opt/altera/13.1/nios2eds/bin/gnu/H-i686-pc-linux-gnu/bin/../lib/gcc/nios2-elf/4.7.3/../../../../../H-i686-pc-linux-gnu/nios2-elf/lib/libc.a(lib_a-atexit.o)
 .data          0x0004e290        0x0 /opt/altera/13.1/nios2eds/bin/gnu/H-i686-pc-linux-gnu/bin/../lib/gcc/nios2-elf/4.7.3/../../../../../H-i686-pc-linux-gnu/nios2-elf/lib/libc.a(lib_a-exit.o)
 .data          0x0004e290        0x0 /opt/altera/13.1/nios2eds/bin/gnu/H-i686-pc-linux-gnu/bin/../lib/gcc/nios2-elf/4.7.3/../../../../../H-i686-pc-linux-gnu/nios2-elf/lib/libc.a(lib_a-memcmp.o)
 .data          0x0004e290        0x0 /opt/altera/13.1/nios2eds/bin/gnu/H-i686-pc-linux-gnu/bin/../lib/gcc/nios2-elf/4.7.3/../../../../../H-i686-pc-linux-gnu/nios2-elf/lib/libc.a(lib_a-__atexit.o)
 .data          0x0004e290        0x0 /opt/altera/13.1/nios2eds/bin/gnu/H-i686-pc-linux-gnu/bin/../lib/gcc/nios2-elf/4.7.3/../../../../../H-i686-pc-linux-gnu/nios2-elf/lib/libc.a(lib_a-__call_atexit.o)
 .data          0x0004e290        0x0 ../esn7e_offlinestream_demo_bsp//libhal_bsp.a(alt_exit.o)
                0x00056290                _gp = ABSOLUTE ((. + 0x8000))
                0x00056290                PROVIDE (gp, _gp)
 *(.rwdata .rwdata.*)
 *(.sdata .sdata.* .gnu.linkonce.s.*)
 .sdata         0x0004e290        0x8 /opt/altera/13.1/nios2eds/bin/gnu/H-i686-pc-linux-gnu/bin/../lib/gcc/nios2-elf/4.7.3/../../../../../H-i686-pc-linux-gnu/nios2-elf/lib/libc.a(lib_a-impure.o)
                0x0004e290                _global_impure_ptr
                0x0004e294                _impure_ptr
 .sdata         0x0004e298        0x4 /opt/altera/13.1/nios2eds/bin/gnu/H-i686-pc-linux-gnu/bin/../lib/gcc/nios2-elf/4.7.3/../../../../../H-i686-pc-linux-gnu/nios2-elf/lib/libc.a(lib_a-locale.o)
                0x0004e298                __mb_cur_max
 .sdata         0x0004e29c        0x8 /opt/altera/13.1/nios2eds/bin/gnu/H-i686-pc-linux-gnu/bin/../lib/gcc/nios2-elf/4.7.3/../../../../../H-i686-pc-linux-gnu/nios2-elf/lib/libc.a(lib_a-mallocr.o)
                0x0004e29c                __malloc_sbrk_base
                0x0004e2a0                __malloc_trim_threshold
 .sdata         0x0004e2a4       0x14 ../esn7e_offlinestream_demo_bsp//libhal_bsp.a(alt_dev.o)
                0x0004e2a4                alt_fs_list
                0x0004e2ac                alt_dev_list
                0x0004e2b4                alt_max_fd
 .sdata         0x0004e2b8        0x4 ../esn7e_offlinestream_demo_bsp//libhal_bsp.a(alt_errno.o)
                0x0004e2b8                alt_errno
 .sdata         0x0004e2bc        0x4 ../esn7e_offlinestream_demo_bsp//libhal_bsp.a(alt_sbrk.o)
 .sdata         0x0004e2c0        0x4 ../esn7e_offlinestream_demo_bsp//libhal_bsp.a(alt_irq_vars.o)
                0x0004e2c0                alt_priority_mask
 .sdata         0x0004e2c4        0x8 ../esn7e_offlinestream_demo_bsp//libhal_bsp.a(alt_tick.o)
                0x0004e2c4                alt_alarm_list
 *(.sdata2 .sdata2.* .gnu.linkonce.s2.*)
                0x0004e2cc                . = ALIGN (0x4)
                0x0004e2cc                _edata = ABSOLUTE (.)
                0x0004e2cc                PROVIDE (edata, ABSOLUTE (.))
                0x0004e2cc                PROVIDE (__ram_rwdata_end, ABSOLUTE (.))
                0x0004e2cc                PROVIDE (__flash_rwdata_start, LOADADDR (.rwdata))

.bss            0x0004fd24      0x2ec
                0x0004fd24                __bss_start = ABSOLUTE (.)
                0x0004fd24                PROVIDE (__sbss_start, ABSOLUTE (.))
                0x0004fd24                PROVIDE (___sbss_start, ABSOLUTE (.))
 *(.dynsbss)
 *(.sbss .sbss.* .gnu.linkonce.sb.*)
 .sbss          0x0004fd24        0xc /opt/altera/13.1/nios2eds/bin/gnu/H-i686-pc-linux-gnu/bin/../lib/gcc/nios2-elf/4.7.3/../../../../../H-i686-pc-linux-gnu/nios2-elf/lib/libc.a(lib_a-locale.o)
                0x0004fd24                _PathLocale
                0x0004fd28                __mlocale_changed
                0x0004fd2c                __nlocale_changed
 .sbss          0x0004fd30        0xc /opt/altera/13.1/nios2eds/bin/gnu/H-i686-pc-linux-gnu/bin/../lib/gcc/nios2-elf/4.7.3/../../../../../H-i686-pc-linux-gnu/nios2-elf/lib/libc.a(lib_a-mallocr.o)
                0x0004fd30                __malloc_max_total_mem
                0x0004fd34                __malloc_max_sbrked_mem
                0x0004fd38                __malloc_top_pad
 .sbss          0x0004fd3c        0x4 /opt/altera/13.1/nios2eds/bin/gnu/H-i686-pc-linux-gnu/bin/../lib/gcc/nios2-elf/4.7.3/../../../../../H-i686-pc-linux-gnu/nios2-elf/lib/libc.a(lib_a-int_errno.o)
                0x0004fd3c                errno
 .sbss          0x0004fd40        0xc ../esn7e_offlinestream_demo_bsp//libhal_bsp.a(alt_main.o)
                0x0004fd40                alt_argc
                0x0004fd44                alt_argv
                0x0004fd48                alt_envp
 .sbss          0x0004fd4c        0x4 ../esn7e_offlinestream_demo_bsp//libhal_bsp.a(alt_irq_vars.o)
                0x0004fd4c                alt_irq_active
 .sbss          0x0004fd50        0x8 ../esn7e_offlinestream_demo_bsp//libhal_bsp.a(alt_tick.o)
                0x0004fd50                _alt_tick_rate
                0x0004fd54                _alt_nticks
 *(.sbss2 .sbss2.* .gnu.linkonce.sb2.*)
 *(.scommon)
                0x0004fd58                PROVIDE (__sbss_end, ABSOLUTE (.))
                0x0004fd58                PROVIDE (___sbss_end, ABSOLUTE (.))
 *(.dynbss)
 *(.bss .bss.* .gnu.linkonce.b.*)
 .bss           0x0004fd58        0x0 ../esn7e_offlinestream_demo_bsp//obj/HAL/src/crt0.o
 .bss           0x0004fd58        0x0 obj/default/main.o
 .bss           0x0004fd58        0x0 /opt/altera/13.1/nios2eds/bin/gnu/H-i686-pc-linux-gnu/bin/../lib/gcc/nios2-elf/4.7.3/libgcc.a(lib2-divmod.o)
 .bss           0x0004fd58        0x0 /opt/altera/13.1/nios2eds/bin/gnu/H-i686-pc-linux-gnu/bin/../lib/gcc/nios2-elf/4.7.3/../../../../../H-i686-pc-linux-gnu/nios2-elf/lib/libc.a(lib_a-printf.o)
 .bss           0x0004fd58        0x0 /opt/altera/13.1/nios2eds/bin/gnu/H-i686-pc-linux-gnu/bin/../lib/gcc/nios2-elf/4.7.3/../../../../../H-i686-pc-linux-gnu/nios2-elf/lib/libc.a(lib_a-vfprintf.o)
 .bss           0x0004fd58        0x0 /opt/altera/13.1/nios2eds/bin/gnu/H-i686-pc-linux-gnu/bin/../lib/gcc/nios2-elf/4.7.3/../../../../../H-i686-pc-linux-gnu/nios2-elf/lib/libc.a(lib_a-wsetup.o)
 .bss           0x0004fd58        0x0 /opt/altera/13.1/nios2eds/bin/gnu/H-i686-pc-linux-gnu/bin/../lib/gcc/nios2-elf/4.7.3/../../../../../H-i686-pc-linux-gnu/nios2-elf/lib/libc.a(lib_a-dtoa.o)
 .bss           0x0004fd58        0x0 /opt/altera/13.1/nios2eds/bin/gnu/H-i686-pc-linux-gnu/bin/../lib/gcc/nios2-elf/4.7.3/../../../../../H-i686-pc-linux-gnu/nios2-elf/lib/libc.a(lib_a-fflush.o)
 .bss           0x0004fd58        0x0 /opt/altera/13.1/nios2eds/bin/gnu/H-i686-pc-linux-gnu/bin/../lib/gcc/nios2-elf/4.7.3/../../../../../H-i686-pc-linux-gnu/nios2-elf/lib/libc.a(lib_a-findfp.o)
 .bss           0x0004fd58        0x0 /opt/altera/13.1/nios2eds/bin/gnu/H-i686-pc-linux-gnu/bin/../lib/gcc/nios2-elf/4.7.3/../../../../../H-i686-pc-linux-gnu/nios2-elf/lib/libc.a(lib_a-freer.o)
 .bss           0x0004fd58        0x0 /opt/altera/13.1/nios2eds/bin/gnu/H-i686-pc-linux-gnu/bin/../lib/gcc/nios2-elf/4.7.3/../../../../../H-i686-pc-linux-gnu/nios2-elf/lib/libc.a(lib_a-fvwrite.o)
 .bss           0x0004fd58        0x0 /opt/altera/13.1/nios2eds/bin/gnu/H-i686-pc-linux-gnu/bin/../lib/gcc/nios2-elf/4.7.3/../../../../../H-i686-pc-linux-gnu/nios2-elf/lib/libc.a(lib_a-fwalk.o)
 .bss           0x0004fd58        0x0 /opt/altera/13.1/nios2eds/bin/gnu/H-i686-pc-linux-gnu/bin/../lib/gcc/nios2-elf/4.7.3/../../../../../H-i686-pc-linux-gnu/nios2-elf/lib/libc.a(lib_a-impure.o)
 .bss           0x0004fd58        0x0 /opt/altera/13.1/nios2eds/bin/gnu/H-i686-pc-linux-gnu/bin/../lib/gcc/nios2-elf/4.7.3/../../../../../H-i686-pc-linux-gnu/nios2-elf/lib/libc.a(lib_a-locale.o)
 .bss           0x0004fd58        0x0 /opt/altera/13.1/nios2eds/bin/gnu/H-i686-pc-linux-gnu/bin/../lib/gcc/nios2-elf/4.7.3/../../../../../H-i686-pc-linux-gnu/nios2-elf/lib/libc.a(lib_a-makebuf.o)
 .bss           0x0004fd58       0x28 /opt/altera/13.1/nios2eds/bin/gnu/H-i686-pc-linux-gnu/bin/../lib/gcc/nios2-elf/4.7.3/../../../../../H-i686-pc-linux-gnu/nios2-elf/lib/libc.a(lib_a-mallocr.o)
                0x0004fd58                __malloc_current_mallinfo
 .bss           0x0004fd80        0x0 /opt/altera/13.1/nios2eds/bin/gnu/H-i686-pc-linux-gnu/bin/../lib/gcc/nios2-elf/4.7.3/../../../../../H-i686-pc-linux-gnu/nios2-elf/lib/libc.a(lib_a-memchr.o)
 .bss           0x0004fd80        0x0 /opt/altera/13.1/nios2eds/bin/gnu/H-i686-pc-linux-gnu/bin/../lib/gcc/nios2-elf/4.7.3/../../../../../H-i686-pc-linux-gnu/nios2-elf/lib/libc.a(lib_a-memcpy.o)
 .bss           0x0004fd80        0x0 /opt/altera/13.1/nios2eds/bin/gnu/H-i686-pc-linux-gnu/bin/../lib/gcc/nios2-elf/4.7.3/../../../../../H-i686-pc-linux-gnu/nios2-elf/lib/libc.a(lib_a-memmove.o)
 .bss           0x0004fd80        0x0 /opt/altera/13.1/nios2eds/bin/gnu/H-i686-pc-linux-gnu/bin/../lib/gcc/nios2-elf/4.7.3/../../../../../H-i686-pc-linux-gnu/nios2-elf/lib/libc.a(lib_a-memset.o)
 .bss           0x0004fd80        0x0 /opt/altera/13.1/nios2eds/bin/gnu/H-i686-pc-linux-gnu/bin/../lib/gcc/nios2-elf/4.7.3/../../../../../H-i686-pc-linux-gnu/nios2-elf/lib/libc.a(lib_a-mprec.o)
 .bss           0x0004fd80        0x0 /opt/altera/13.1/nios2eds/bin/gnu/H-i686-pc-linux-gnu/bin/../lib/gcc/nios2-elf/4.7.3/../../../../../H-i686-pc-linux-gnu/nios2-elf/lib/libc.a(lib_a-reallocr.o)
 .bss           0x0004fd80        0x0 /opt/altera/13.1/nios2eds/bin/gnu/H-i686-pc-linux-gnu/bin/../lib/gcc/nios2-elf/4.7.3/../../../../../H-i686-pc-linux-gnu/nios2-elf/lib/libc.a(lib_a-s_isinfd.o)
 .bss           0x0004fd80        0x0 /opt/altera/13.1/nios2eds/bin/gnu/H-i686-pc-linux-gnu/bin/../lib/gcc/nios2-elf/4.7.3/../../../../../H-i686-pc-linux-gnu/nios2-elf/lib/libc.a(lib_a-s_isnand.o)
 .bss           0x0004fd80        0x0 /opt/altera/13.1/nios2eds/bin/gnu/H-i686-pc-linux-gnu/bin/../lib/gcc/nios2-elf/4.7.3/../../../../../H-i686-pc-linux-gnu/nios2-elf/lib/libc.a(lib_a-sbrkr.o)
 .bss           0x0004fd80        0x0 /opt/altera/13.1/nios2eds/bin/gnu/H-i686-pc-linux-gnu/bin/../lib/gcc/nios2-elf/4.7.3/../../../../../H-i686-pc-linux-gnu/nios2-elf/lib/libc.a(lib_a-stdio.o)
 .bss           0x0004fd80        0x0 /opt/altera/13.1/nios2eds/bin/gnu/H-i686-pc-linux-gnu/bin/../lib/gcc/nios2-elf/4.7.3/../../../../../H-i686-pc-linux-gnu/nios2-elf/lib/libc.a(lib_a-strcmp.o)
 .bss           0x0004fd80        0x0 /opt/altera/13.1/nios2eds/bin/gnu/H-i686-pc-linux-gnu/bin/../lib/gcc/nios2-elf/4.7.3/../../../../../H-i686-pc-linux-gnu/nios2-elf/lib/libc.a(lib_a-strlen.o)
 .bss           0x0004fd80        0x0 /opt/altera/13.1/nios2eds/bin/gnu/H-i686-pc-linux-gnu/bin/../lib/gcc/nios2-elf/4.7.3/../../../../../H-i686-pc-linux-gnu/nios2-elf/lib/libc.a(lib_a-writer.o)
 .bss           0x0004fd80        0x0 /opt/altera/13.1/nios2eds/bin/gnu/H-i686-pc-linux-gnu/bin/../lib/gcc/nios2-elf/4.7.3/../../../../../H-i686-pc-linux-gnu/nios2-elf/lib/libc.a(lib_a-callocr.o)
 .bss           0x0004fd80        0x0 /opt/altera/13.1/nios2eds/bin/gnu/H-i686-pc-linux-gnu/bin/../lib/gcc/nios2-elf/4.7.3/../../../../../H-i686-pc-linux-gnu/nios2-elf/lib/libc.a(lib_a-closer.o)
 .bss           0x0004fd80        0x0 /opt/altera/13.1/nios2eds/bin/gnu/H-i686-pc-linux-gnu/bin/../lib/gcc/nios2-elf/4.7.3/../../../../../H-i686-pc-linux-gnu/nios2-elf/lib/libc.a(lib_a-fclose.o)
 .bss           0x0004fd80        0x0 /opt/altera/13.1/nios2eds/bin/gnu/H-i686-pc-linux-gnu/bin/../lib/gcc/nios2-elf/4.7.3/../../../../../H-i686-pc-linux-gnu/nios2-elf/lib/libc.a(lib_a-fstatr.o)
 .bss           0x0004fd80        0x0 /opt/altera/13.1/nios2eds/bin/gnu/H-i686-pc-linux-gnu/bin/../lib/gcc/nios2-elf/4.7.3/../../../../../H-i686-pc-linux-gnu/nios2-elf/lib/libc.a(lib_a-int_errno.o)
 .bss           0x0004fd80        0x0 /opt/altera/13.1/nios2eds/bin/gnu/H-i686-pc-linux-gnu/bin/../lib/gcc/nios2-elf/4.7.3/../../../../../H-i686-pc-linux-gnu/nios2-elf/lib/libc.a(lib_a-isattyr.o)
 .bss           0x0004fd80        0x0 /opt/altera/13.1/nios2eds/bin/gnu/H-i686-pc-linux-gnu/bin/../lib/gcc/nios2-elf/4.7.3/../../../../../H-i686-pc-linux-gnu/nios2-elf/lib/libc.a(lib_a-lseekr.o)
 .bss           0x0004fd80        0x0 /opt/altera/13.1/nios2eds/bin/gnu/H-i686-pc-linux-gnu/bin/../lib/gcc/nios2-elf/4.7.3/../../../../../H-i686-pc-linux-gnu/nios2-elf/lib/libc.a(lib_a-readr.o)
 .bss           0x0004fd80        0x0 /opt/altera/13.1/nios2eds/bin/gnu/H-i686-pc-linux-gnu/bin/../lib/gcc/nios2-elf/4.7.3/libgcc.a(_udivdi3.o)
 .bss           0x0004fd80        0x0 /opt/altera/13.1/nios2eds/bin/gnu/H-i686-pc-linux-gnu/bin/../lib/gcc/nios2-elf/4.7.3/libgcc.a(_umoddi3.o)
 .bss           0x0004fd80        0x0 /opt/altera/13.1/nios2eds/bin/gnu/H-i686-pc-linux-gnu/bin/../lib/gcc/nios2-elf/4.7.3/libgcc.a(_addsub_df.o)
 .bss           0x0004fd80        0x0 /opt/altera/13.1/nios2eds/bin/gnu/H-i686-pc-linux-gnu/bin/../lib/gcc/nios2-elf/4.7.3/libgcc.a(_mul_df.o)
 .bss           0x0004fd80        0x0 /opt/altera/13.1/nios2eds/bin/gnu/H-i686-pc-linux-gnu/bin/../lib/gcc/nios2-elf/4.7.3/libgcc.a(_div_df.o)
 .bss           0x0004fd80        0x0 /opt/altera/13.1/nios2eds/bin/gnu/H-i686-pc-linux-gnu/bin/../lib/gcc/nios2-elf/4.7.3/libgcc.a(_eq_df.o)
 .bss           0x0004fd80        0x0 /opt/altera/13.1/nios2eds/bin/gnu/H-i686-pc-linux-gnu/bin/../lib/gcc/nios2-elf/4.7.3/libgcc.a(_ne_df.o)
 .bss           0x0004fd80        0x0 /opt/altera/13.1/nios2eds/bin/gnu/H-i686-pc-linux-gnu/bin/../lib/gcc/nios2-elf/4.7.3/libgcc.a(_gt_df.o)
 .bss           0x0004fd80        0x0 /opt/altera/13.1/nios2eds/bin/gnu/H-i686-pc-linux-gnu/bin/../lib/gcc/nios2-elf/4.7.3/libgcc.a(_ge_df.o)
 .bss           0x0004fd80        0x0 /opt/altera/13.1/nios2eds/bin/gnu/H-i686-pc-linux-gnu/bin/../lib/gcc/nios2-elf/4.7.3/libgcc.a(_lt_df.o)
 .bss           0x0004fd80        0x0 /opt/altera/13.1/nios2eds/bin/gnu/H-i686-pc-linux-gnu/bin/../lib/gcc/nios2-elf/4.7.3/libgcc.a(_si_to_df.o)
 .bss           0x0004fd80        0x0 /opt/altera/13.1/nios2eds/bin/gnu/H-i686-pc-linux-gnu/bin/../lib/gcc/nios2-elf/4.7.3/libgcc.a(_df_to_si.o)
 .bss           0x0004fd80        0x0 /opt/altera/13.1/nios2eds/bin/gnu/H-i686-pc-linux-gnu/bin/../lib/gcc/nios2-elf/4.7.3/libgcc.a(_thenan_df.o)
 .bss           0x0004fd80        0x0 /opt/altera/13.1/nios2eds/bin/gnu/H-i686-pc-linux-gnu/bin/../lib/gcc/nios2-elf/4.7.3/libgcc.a(_usi_to_df.o)
 .bss           0x0004fd80        0x0 /opt/altera/13.1/nios2eds/bin/gnu/H-i686-pc-linux-gnu/bin/../lib/gcc/nios2-elf/4.7.3/libgcc.a(_muldi3.o)
 .bss           0x0004fd80        0x0 /opt/altera/13.1/nios2eds/bin/gnu/H-i686-pc-linux-gnu/bin/../lib/gcc/nios2-elf/4.7.3/libgcc.a(_clz.o)
 .bss           0x0004fd80        0x0 /opt/altera/13.1/nios2eds/bin/gnu/H-i686-pc-linux-gnu/bin/../lib/gcc/nios2-elf/4.7.3/libgcc.a(_clzsi2.o)
 .bss           0x0004fd80        0x0 /opt/altera/13.1/nios2eds/bin/gnu/H-i686-pc-linux-gnu/bin/../lib/gcc/nios2-elf/4.7.3/libgcc.a(_pack_df.o)
 .bss           0x0004fd80        0x0 /opt/altera/13.1/nios2eds/bin/gnu/H-i686-pc-linux-gnu/bin/../lib/gcc/nios2-elf/4.7.3/libgcc.a(_unpack_df.o)
 .bss           0x0004fd80        0x0 /opt/altera/13.1/nios2eds/bin/gnu/H-i686-pc-linux-gnu/bin/../lib/gcc/nios2-elf/4.7.3/libgcc.a(_fpcmp_parts_df.o)
 .bss           0x0004fd80        0x0 /opt/altera/13.1/nios2eds/bin/gnu/H-i686-pc-linux-gnu/bin/../lib/gcc/nios2-elf/4.7.3/libgcc.a(_lshrdi3.o)
 .bss           0x0004fd80        0x0 /opt/altera/13.1/nios2eds/bin/gnu/H-i686-pc-linux-gnu/bin/../lib/gcc/nios2-elf/4.7.3/libgcc.a(_ashldi3.o)
 .bss           0x0004fd80        0x0 ../esn7e_offlinestream_demo_bsp//libhal_bsp.a(alt_close.o)
 .bss           0x0004fd80        0x0 ../esn7e_offlinestream_demo_bsp//libhal_bsp.a(alt_dev.o)
 .bss           0x0004fd80        0x0 ../esn7e_offlinestream_demo_bsp//libhal_bsp.a(alt_errno.o)
 .bss           0x0004fd80        0x0 ../esn7e_offlinestream_demo_bsp//libhal_bsp.a(alt_fstat.o)
 .bss           0x0004fd80        0x0 ../esn7e_offlinestream_demo_bsp//libhal_bsp.a(alt_isatty.o)
 .bss           0x0004fd80        0x0 ../esn7e_offlinestream_demo_bsp//libhal_bsp.a(alt_load.o)
 .bss           0x0004fd80        0x0 ../esn7e_offlinestream_demo_bsp//libhal_bsp.a(alt_lseek.o)
 .bss           0x0004fd80        0x0 ../esn7e_offlinestream_demo_bsp//libhal_bsp.a(alt_main.o)
 .bss           0x0004fd80        0x0 ../esn7e_offlinestream_demo_bsp//libhal_bsp.a(alt_malloc_lock.o)
 .bss           0x0004fd80        0x0 ../esn7e_offlinestream_demo_bsp//libhal_bsp.a(alt_read.o)
 .bss           0x0004fd80        0x0 ../esn7e_offlinestream_demo_bsp//libhal_bsp.a(alt_release_fd.o)
 .bss           0x0004fd80        0x0 ../esn7e_offlinestream_demo_bsp//libhal_bsp.a(alt_sbrk.o)
 .bss           0x0004fd80        0x0 ../esn7e_offlinestream_demo_bsp//libhal_bsp.a(alt_usleep.o)
 .bss           0x0004fd80        0x0 ../esn7e_offlinestream_demo_bsp//libhal_bsp.a(alt_write.o)
 .bss           0x0004fd80        0x0 ../esn7e_offlinestream_demo_bsp//libhal_bsp.a(alt_sys_init.o)
 .bss           0x0004fd80        0x0 ../esn7e_offlinestream_demo_bsp//libhal_bsp.a(altera_avalon_fifo_util.o)
 .bss           0x0004fd80        0x0 ../esn7e_offlinestream_demo_bsp//libhal_bsp.a(altera_avalon_jtag_uart_fd.o)
 .bss           0x0004fd80        0x0 ../esn7e_offlinestream_demo_bsp//libhal_bsp.a(altera_avalon_jtag_uart_init.o)
 .bss           0x0004fd80        0x0 ../esn7e_offlinestream_demo_bsp//libhal_bsp.a(altera_avalon_jtag_uart_ioctl.o)
 .bss           0x0004fd80        0x0 ../esn7e_offlinestream_demo_bsp//libhal_bsp.a(altera_avalon_jtag_uart_read.o)
 .bss           0x0004fd80        0x0 ../esn7e_offlinestream_demo_bsp//libhal_bsp.a(altera_avalon_jtag_uart_write.o)
 .bss           0x0004fd80        0x0 ../esn7e_offlinestream_demo_bsp//libhal_bsp.a(alt_alarm_start.o)
 .bss           0x0004fd80        0x0 ../esn7e_offlinestream_demo_bsp//libhal_bsp.a(alt_busy_sleep.o)
 .bss           0x0004fd80        0x0 ../esn7e_offlinestream_demo_bsp//libhal_bsp.a(alt_dcache_flush_all.o)
 .bss           0x0004fd80        0x0 ../esn7e_offlinestream_demo_bsp//libhal_bsp.a(alt_dev_llist_insert.o)
 .bss           0x0004fd80        0x0 ../esn7e_offlinestream_demo_bsp//libhal_bsp.a(alt_do_ctors.o)
 .bss           0x0004fd80        0x0 ../esn7e_offlinestream_demo_bsp//libhal_bsp.a(alt_do_dtors.o)
 .bss           0x0004fd80        0x0 ../esn7e_offlinestream_demo_bsp//libhal_bsp.a(alt_icache_flush_all.o)
 .bss           0x0004fd80        0x0 ../esn7e_offlinestream_demo_bsp//libhal_bsp.a(alt_iic.o)
 .bss           0x0004fd80        0x0 ../esn7e_offlinestream_demo_bsp//libhal_bsp.a(alt_iic_isr_register.o)
 .bss           0x0004fd80        0x0 ../esn7e_offlinestream_demo_bsp//libhal_bsp.a(alt_io_redirect.o)
 .bss           0x0004fd80        0x0 ../esn7e_offlinestream_demo_bsp//libhal_bsp.a(alt_irq_entry.o)
 .bss           0x0004fd80        0x0 ../esn7e_offlinestream_demo_bsp//libhal_bsp.a(alt_irq_handler.o)
 .bss           0x0004fd80        0x0 ../esn7e_offlinestream_demo_bsp//libhal_bsp.a(alt_irq_vars.o)
 .bss           0x0004fd80        0x0 ../esn7e_offlinestream_demo_bsp//libhal_bsp.a(alt_open.o)
 .bss           0x0004fd80        0x0 ../esn7e_offlinestream_demo_bsp//libhal_bsp.a(alt_tick.o)
 .bss           0x0004fd80        0x0 ../esn7e_offlinestream_demo_bsp//libhal_bsp.a(altera_nios2_qsys_irq.o)
 .bss           0x0004fd80        0x0 ../esn7e_offlinestream_demo_bsp//libhal_bsp.a(alt_exception_entry.o)
 .bss           0x0004fd80        0x0 ../esn7e_offlinestream_demo_bsp//libhal_bsp.a(alt_find_dev.o)
 .bss           0x0004fd80        0x0 ../esn7e_offlinestream_demo_bsp//libhal_bsp.a(alt_find_file.o)
 .bss           0x0004fd80        0x0 ../esn7e_offlinestream_demo_bsp//libhal_bsp.a(alt_get_fd.o)
 .bss           0x0004fd80        0x0 ../esn7e_offlinestream_demo_bsp//libhal_bsp.a(alt_icache_flush.o)
 .bss           0x0004fd80        0x0 /opt/altera/13.1/nios2eds/bin/gnu/H-i686-pc-linux-gnu/bin/../lib/gcc/nios2-elf/4.7.3/../../../../../H-i686-pc-linux-gnu/nios2-elf/lib/libc.a(lib_a-atexit.o)
 .bss           0x0004fd80        0x0 /opt/altera/13.1/nios2eds/bin/gnu/H-i686-pc-linux-gnu/bin/../lib/gcc/nios2-elf/4.7.3/../../../../../H-i686-pc-linux-gnu/nios2-elf/lib/libc.a(lib_a-exit.o)
 .bss           0x0004fd80        0x0 /opt/altera/13.1/nios2eds/bin/gnu/H-i686-pc-linux-gnu/bin/../lib/gcc/nios2-elf/4.7.3/../../../../../H-i686-pc-linux-gnu/nios2-elf/lib/libc.a(lib_a-memcmp.o)
 .bss           0x0004fd80        0x0 /opt/altera/13.1/nios2eds/bin/gnu/H-i686-pc-linux-gnu/bin/../lib/gcc/nios2-elf/4.7.3/../../../../../H-i686-pc-linux-gnu/nios2-elf/lib/libc.a(lib_a-__atexit.o)
 .bss           0x0004fd80        0x0 /opt/altera/13.1/nios2eds/bin/gnu/H-i686-pc-linux-gnu/bin/../lib/gcc/nios2-elf/4.7.3/../../../../../H-i686-pc-linux-gnu/nios2-elf/lib/libc.a(lib_a-__call_atexit.o)
 .bss           0x0004fd80        0x0 ../esn7e_offlinestream_demo_bsp//libhal_bsp.a(alt_exit.o)
 *(COMMON)
 COMMON         0x0004fd80      0x100 ../esn7e_offlinestream_demo_bsp//libhal_bsp.a(alt_irq_handler.o)
                0x0004fd80                alt_irq
 COMMON         0x0004fe80      0x190 /opt/altera/13.1/nios2eds/bin/gnu/H-i686-pc-linux-gnu/bin/../lib/gcc/nios2-elf/4.7.3/../../../../../H-i686-pc-linux-gnu/nios2-elf/lib/libc.a(lib_a-atexit.o)
                0x0004fe80                _atexit0
                0x00050010                . = ALIGN (0x4)
                0x00050010                __bss_end = ABSOLUTE (.)

.nios2_instr_data_ram
                0x00050010        0x0
                0x00050010                PROVIDE (_alt_partition_nios2_instr_data_ram_start, ABSOLUTE (.))
 *(.nios2_instr_data_ram .nios2_instr_data_ram. nios2_instr_data_ram.*)
                0x00050010                . = ALIGN (0x4)
                0x00050010                PROVIDE (_alt_partition_nios2_instr_data_ram_end, ABSOLUTE (.))
                0x00050010                _end = ABSOLUTE (.)
                0x00050010                end = ABSOLUTE (.)
                0x00050010                __alt_stack_base = ABSOLUTE (.)
                0x00050010                PROVIDE (_alt_partition_nios2_instr_data_ram_load_addr, LOADADDR (.nios2_instr_data_ram))

.stab
 *(.stab)

.stabstr
 *(.stabstr)

.stab.excl
 *(.stab.excl)

.stab.exclstr
 *(.stab.exclstr)

.stab.index
 *(.stab.index)

.stab.indexstr
 *(.stab.indexstr)

.comment        0x00000000       0x23
 *(.comment)
 .comment       0x00000000       0x23 obj/default/main.o
                                 0x24 (size before relaxing)
 .comment       0x00000000       0x24 /opt/altera/13.1/nios2eds/bin/gnu/H-i686-pc-linux-gnu/bin/../lib/gcc/nios2-elf/4.7.3/libgcc.a(lib2-divmod.o)
 .comment       0x00000000       0x24 /opt/altera/13.1/nios2eds/bin/gnu/H-i686-pc-linux-gnu/bin/../lib/gcc/nios2-elf/4.7.3/../../../../../H-i686-pc-linux-gnu/nios2-elf/lib/libc.a(lib_a-printf.o)
 .comment       0x00000000       0x24 /opt/altera/13.1/nios2eds/bin/gnu/H-i686-pc-linux-gnu/bin/../lib/gcc/nios2-elf/4.7.3/../../../../../H-i686-pc-linux-gnu/nios2-elf/lib/libc.a(lib_a-vfprintf.o)
 .comment       0x00000000       0x24 /opt/altera/13.1/nios2eds/bin/gnu/H-i686-pc-linux-gnu/bin/../lib/gcc/nios2-elf/4.7.3/../../../../../H-i686-pc-linux-gnu/nios2-elf/lib/libc.a(lib_a-wsetup.o)
 .comment       0x00000000       0x24 /opt/altera/13.1/nios2eds/bin/gnu/H-i686-pc-linux-gnu/bin/../lib/gcc/nios2-elf/4.7.3/../../../../../H-i686-pc-linux-gnu/nios2-elf/lib/libc.a(lib_a-dtoa.o)
 .comment       0x00000000       0x24 /opt/altera/13.1/nios2eds/bin/gnu/H-i686-pc-linux-gnu/bin/../lib/gcc/nios2-elf/4.7.3/../../../../../H-i686-pc-linux-gnu/nios2-elf/lib/libc.a(lib_a-fflush.o)
 .comment       0x00000000       0x24 /opt/altera/13.1/nios2eds/bin/gnu/H-i686-pc-linux-gnu/bin/../lib/gcc/nios2-elf/4.7.3/../../../../../H-i686-pc-linux-gnu/nios2-elf/lib/libc.a(lib_a-findfp.o)
 .comment       0x00000000       0x24 /opt/altera/13.1/nios2eds/bin/gnu/H-i686-pc-linux-gnu/bin/../lib/gcc/nios2-elf/4.7.3/../../../../../H-i686-pc-linux-gnu/nios2-elf/lib/libc.a(lib_a-freer.o)
 .comment       0x00000000       0x24 /opt/altera/13.1/nios2eds/bin/gnu/H-i686-pc-linux-gnu/bin/../lib/gcc/nios2-elf/4.7.3/../../../../../H-i686-pc-linux-gnu/nios2-elf/lib/libc.a(lib_a-fvwrite.o)
 .comment       0x00000000       0x24 /opt/altera/13.1/nios2eds/bin/gnu/H-i686-pc-linux-gnu/bin/../lib/gcc/nios2-elf/4.7.3/../../../../../H-i686-pc-linux-gnu/nios2-elf/lib/libc.a(lib_a-fwalk.o)
 .comment       0x00000000       0x24 /opt/altera/13.1/nios2eds/bin/gnu/H-i686-pc-linux-gnu/bin/../lib/gcc/nios2-elf/4.7.3/../../../../../H-i686-pc-linux-gnu/nios2-elf/lib/libc.a(lib_a-impure.o)
 .comment       0x00000000       0x24 /opt/altera/13.1/nios2eds/bin/gnu/H-i686-pc-linux-gnu/bin/../lib/gcc/nios2-elf/4.7.3/../../../../../H-i686-pc-linux-gnu/nios2-elf/lib/libc.a(lib_a-locale.o)
 .comment       0x00000000       0x24 /opt/altera/13.1/nios2eds/bin/gnu/H-i686-pc-linux-gnu/bin/../lib/gcc/nios2-elf/4.7.3/../../../../../H-i686-pc-linux-gnu/nios2-elf/lib/libc.a(lib_a-makebuf.o)
 .comment       0x00000000       0x24 /opt/altera/13.1/nios2eds/bin/gnu/H-i686-pc-linux-gnu/bin/../lib/gcc/nios2-elf/4.7.3/../../../../../H-i686-pc-linux-gnu/nios2-elf/lib/libc.a(lib_a-mallocr.o)
 .comment       0x00000000       0x24 /opt/altera/13.1/nios2eds/bin/gnu/H-i686-pc-linux-gnu/bin/../lib/gcc/nios2-elf/4.7.3/../../../../../H-i686-pc-linux-gnu/nios2-elf/lib/libc.a(lib_a-memchr.o)
 .comment       0x00000000       0x24 /opt/altera/13.1/nios2eds/bin/gnu/H-i686-pc-linux-gnu/bin/../lib/gcc/nios2-elf/4.7.3/../../../../../H-i686-pc-linux-gnu/nios2-elf/lib/libc.a(lib_a-memcpy.o)
 .comment       0x00000000       0x24 /opt/altera/13.1/nios2eds/bin/gnu/H-i686-pc-linux-gnu/bin/../lib/gcc/nios2-elf/4.7.3/../../../../../H-i686-pc-linux-gnu/nios2-elf/lib/libc.a(lib_a-memmove.o)
 .comment       0x00000000       0x24 /opt/altera/13.1/nios2eds/bin/gnu/H-i686-pc-linux-gnu/bin/../lib/gcc/nios2-elf/4.7.3/../../../../../H-i686-pc-linux-gnu/nios2-elf/lib/libc.a(lib_a-memset.o)
 .comment       0x00000000       0x24 /opt/altera/13.1/nios2eds/bin/gnu/H-i686-pc-linux-gnu/bin/../lib/gcc/nios2-elf/4.7.3/../../../../../H-i686-pc-linux-gnu/nios2-elf/lib/libc.a(lib_a-mprec.o)
 .comment       0x00000000       0x24 /opt/altera/13.1/nios2eds/bin/gnu/H-i686-pc-linux-gnu/bin/../lib/gcc/nios2-elf/4.7.3/../../../../../H-i686-pc-linux-gnu/nios2-elf/lib/libc.a(lib_a-reallocr.o)
 .comment       0x00000000       0x24 /opt/altera/13.1/nios2eds/bin/gnu/H-i686-pc-linux-gnu/bin/../lib/gcc/nios2-elf/4.7.3/../../../../../H-i686-pc-linux-gnu/nios2-elf/lib/libc.a(lib_a-s_isinfd.o)
 .comment       0x00000000       0x24 /opt/altera/13.1/nios2eds/bin/gnu/H-i686-pc-linux-gnu/bin/../lib/gcc/nios2-elf/4.7.3/../../../../../H-i686-pc-linux-gnu/nios2-elf/lib/libc.a(lib_a-s_isnand.o)
 .comment       0x00000000       0x24 /opt/altera/13.1/nios2eds/bin/gnu/H-i686-pc-linux-gnu/bin/../lib/gcc/nios2-elf/4.7.3/../../../../../H-i686-pc-linux-gnu/nios2-elf/lib/libc.a(lib_a-sbrkr.o)
 .comment       0x00000000       0x24 /opt/altera/13.1/nios2eds/bin/gnu/H-i686-pc-linux-gnu/bin/../lib/gcc/nios2-elf/4.7.3/../../../../../H-i686-pc-linux-gnu/nios2-elf/lib/libc.a(lib_a-stdio.o)
 .comment       0x00000000       0x24 /opt/altera/13.1/nios2eds/bin/gnu/H-i686-pc-linux-gnu/bin/../lib/gcc/nios2-elf/4.7.3/../../../../../H-i686-pc-linux-gnu/nios2-elf/lib/libc.a(lib_a-strcmp.o)
 .comment       0x00000000       0x24 /opt/altera/13.1/nios2eds/bin/gnu/H-i686-pc-linux-gnu/bin/../lib/gcc/nios2-elf/4.7.3/../../../../../H-i686-pc-linux-gnu/nios2-elf/lib/libc.a(lib_a-strlen.o)
 .comment       0x00000000       0x24 /opt/altera/13.1/nios2eds/bin/gnu/H-i686-pc-linux-gnu/bin/../lib/gcc/nios2-elf/4.7.3/../../../../../H-i686-pc-linux-gnu/nios2-elf/lib/libc.a(lib_a-writer.o)
 .comment       0x00000000       0x24 /opt/altera/13.1/nios2eds/bin/gnu/H-i686-pc-linux-gnu/bin/../lib/gcc/nios2-elf/4.7.3/../../../../../H-i686-pc-linux-gnu/nios2-elf/lib/libc.a(lib_a-callocr.o)
 .comment       0x00000000       0x24 /opt/altera/13.1/nios2eds/bin/gnu/H-i686-pc-linux-gnu/bin/../lib/gcc/nios2-elf/4.7.3/../../../../../H-i686-pc-linux-gnu/nios2-elf/lib/libc.a(lib_a-closer.o)
 .comment       0x00000000       0x24 /opt/altera/13.1/nios2eds/bin/gnu/H-i686-pc-linux-gnu/bin/../lib/gcc/nios2-elf/4.7.3/../../../../../H-i686-pc-linux-gnu/nios2-elf/lib/libc.a(lib_a-fclose.o)
 .comment       0x00000000       0x24 /opt/altera/13.1/nios2eds/bin/gnu/H-i686-pc-linux-gnu/bin/../lib/gcc/nios2-elf/4.7.3/../../../../../H-i686-pc-linux-gnu/nios2-elf/lib/libc.a(lib_a-fstatr.o)
 .comment       0x00000000       0x24 /opt/altera/13.1/nios2eds/bin/gnu/H-i686-pc-linux-gnu/bin/../lib/gcc/nios2-elf/4.7.3/../../../../../H-i686-pc-linux-gnu/nios2-elf/lib/libc.a(lib_a-int_errno.o)
 .comment       0x00000000       0x24 /opt/altera/13.1/nios2eds/bin/gnu/H-i686-pc-linux-gnu/bin/../lib/gcc/nios2-elf/4.7.3/../../../../../H-i686-pc-linux-gnu/nios2-elf/lib/libc.a(lib_a-isattyr.o)
 .comment       0x00000000       0x24 /opt/altera/13.1/nios2eds/bin/gnu/H-i686-pc-linux-gnu/bin/../lib/gcc/nios2-elf/4.7.3/../../../../../H-i686-pc-linux-gnu/nios2-elf/lib/libc.a(lib_a-lseekr.o)
 .comment       0x00000000       0x24 /opt/altera/13.1/nios2eds/bin/gnu/H-i686-pc-linux-gnu/bin/../lib/gcc/nios2-elf/4.7.3/../../../../../H-i686-pc-linux-gnu/nios2-elf/lib/libc.a(lib_a-readr.o)
 .comment       0x00000000       0x24 /opt/altera/13.1/nios2eds/bin/gnu/H-i686-pc-linux-gnu/bin/../lib/gcc/nios2-elf/4.7.3/libgcc.a(_udivdi3.o)
 .comment       0x00000000       0x24 /opt/altera/13.1/nios2eds/bin/gnu/H-i686-pc-linux-gnu/bin/../lib/gcc/nios2-elf/4.7.3/libgcc.a(_umoddi3.o)
 .comment       0x00000000       0x24 /opt/altera/13.1/nios2eds/bin/gnu/H-i686-pc-linux-gnu/bin/../lib/gcc/nios2-elf/4.7.3/libgcc.a(_addsub_df.o)
 .comment       0x00000000       0x24 /opt/altera/13.1/nios2eds/bin/gnu/H-i686-pc-linux-gnu/bin/../lib/gcc/nios2-elf/4.7.3/libgcc.a(_mul_df.o)
 .comment       0x00000000       0x24 /opt/altera/13.1/nios2eds/bin/gnu/H-i686-pc-linux-gnu/bin/../lib/gcc/nios2-elf/4.7.3/libgcc.a(_div_df.o)
 .comment       0x00000000       0x24 /opt/altera/13.1/nios2eds/bin/gnu/H-i686-pc-linux-gnu/bin/../lib/gcc/nios2-elf/4.7.3/libgcc.a(_eq_df.o)
 .comment       0x00000000       0x24 /opt/altera/13.1/nios2eds/bin/gnu/H-i686-pc-linux-gnu/bin/../lib/gcc/nios2-elf/4.7.3/libgcc.a(_ne_df.o)
 .comment       0x00000000       0x24 /opt/altera/13.1/nios2eds/bin/gnu/H-i686-pc-linux-gnu/bin/../lib/gcc/nios2-elf/4.7.3/libgcc.a(_gt_df.o)
 .comment       0x00000000       0x24 /opt/altera/13.1/nios2eds/bin/gnu/H-i686-pc-linux-gnu/bin/../lib/gcc/nios2-elf/4.7.3/libgcc.a(_ge_df.o)
 .comment       0x00000000       0x24 /opt/altera/13.1/nios2eds/bin/gnu/H-i686-pc-linux-gnu/bin/../lib/gcc/nios2-elf/4.7.3/libgcc.a(_lt_df.o)
 .comment       0x00000000       0x24 /opt/altera/13.1/nios2eds/bin/gnu/H-i686-pc-linux-gnu/bin/../lib/gcc/nios2-elf/4.7.3/libgcc.a(_si_to_df.o)
 .comment       0x00000000       0x24 /opt/altera/13.1/nios2eds/bin/gnu/H-i686-pc-linux-gnu/bin/../lib/gcc/nios2-elf/4.7.3/libgcc.a(_df_to_si.o)
 .comment       0x00000000       0x24 /opt/altera/13.1/nios2eds/bin/gnu/H-i686-pc-linux-gnu/bin/../lib/gcc/nios2-elf/4.7.3/libgcc.a(_thenan_df.o)
 .comment       0x00000000       0x24 /opt/altera/13.1/nios2eds/bin/gnu/H-i686-pc-linux-gnu/bin/../lib/gcc/nios2-elf/4.7.3/libgcc.a(_usi_to_df.o)
 .comment       0x00000000       0x24 /opt/altera/13.1/nios2eds/bin/gnu/H-i686-pc-linux-gnu/bin/../lib/gcc/nios2-elf/4.7.3/libgcc.a(_muldi3.o)
 .comment       0x00000000       0x24 /opt/altera/13.1/nios2eds/bin/gnu/H-i686-pc-linux-gnu/bin/../lib/gcc/nios2-elf/4.7.3/libgcc.a(_clz.o)
 .comment       0x00000000       0x24 /opt/altera/13.1/nios2eds/bin/gnu/H-i686-pc-linux-gnu/bin/../lib/gcc/nios2-elf/4.7.3/libgcc.a(_clzsi2.o)
 .comment       0x00000000       0x24 /opt/altera/13.1/nios2eds/bin/gnu/H-i686-pc-linux-gnu/bin/../lib/gcc/nios2-elf/4.7.3/libgcc.a(_pack_df.o)
 .comment       0x00000000       0x24 /opt/altera/13.1/nios2eds/bin/gnu/H-i686-pc-linux-gnu/bin/../lib/gcc/nios2-elf/4.7.3/libgcc.a(_unpack_df.o)
 .comment       0x00000000       0x24 /opt/altera/13.1/nios2eds/bin/gnu/H-i686-pc-linux-gnu/bin/../lib/gcc/nios2-elf/4.7.3/libgcc.a(_fpcmp_parts_df.o)
 .comment       0x00000000       0x24 /opt/altera/13.1/nios2eds/bin/gnu/H-i686-pc-linux-gnu/bin/../lib/gcc/nios2-elf/4.7.3/libgcc.a(_lshrdi3.o)
 .comment       0x00000000       0x24 /opt/altera/13.1/nios2eds/bin/gnu/H-i686-pc-linux-gnu/bin/../lib/gcc/nios2-elf/4.7.3/libgcc.a(_ashldi3.o)
 .comment       0x00000000       0x24 ../esn7e_offlinestream_demo_bsp//libhal_bsp.a(alt_close.o)
 .comment       0x00000000       0x24 ../esn7e_offlinestream_demo_bsp//libhal_bsp.a(alt_dev.o)
 .comment       0x00000000       0x24 ../esn7e_offlinestream_demo_bsp//libhal_bsp.a(alt_errno.o)
 .comment       0x00000000       0x24 ../esn7e_offlinestream_demo_bsp//libhal_bsp.a(alt_fstat.o)
 .comment       0x00000000       0x24 ../esn7e_offlinestream_demo_bsp//libhal_bsp.a(alt_isatty.o)
 .comment       0x00000000       0x24 ../esn7e_offlinestream_demo_bsp//libhal_bsp.a(alt_load.o)
 .comment       0x00000000       0x24 ../esn7e_offlinestream_demo_bsp//libhal_bsp.a(alt_lseek.o)
 .comment       0x00000000       0x24 ../esn7e_offlinestream_demo_bsp//libhal_bsp.a(alt_main.o)
 .comment       0x00000000       0x24 ../esn7e_offlinestream_demo_bsp//libhal_bsp.a(alt_malloc_lock.o)
 .comment       0x00000000       0x24 ../esn7e_offlinestream_demo_bsp//libhal_bsp.a(alt_read.o)
 .comment       0x00000000       0x24 ../esn7e_offlinestream_demo_bsp//libhal_bsp.a(alt_release_fd.o)
 .comment       0x00000000       0x24 ../esn7e_offlinestream_demo_bsp//libhal_bsp.a(alt_sbrk.o)
 .comment       0x00000000       0x24 ../esn7e_offlinestream_demo_bsp//libhal_bsp.a(alt_usleep.o)
 .comment       0x00000000       0x24 ../esn7e_offlinestream_demo_bsp//libhal_bsp.a(alt_write.o)
 .comment       0x00000000       0x24 ../esn7e_offlinestream_demo_bsp//libhal_bsp.a(alt_sys_init.o)
 .comment       0x00000000       0x24 ../esn7e_offlinestream_demo_bsp//libhal_bsp.a(altera_avalon_fifo_util.o)
 .comment       0x00000000       0x24 ../esn7e_offlinestream_demo_bsp//libhal_bsp.a(altera_avalon_jtag_uart_fd.o)
 .comment       0x00000000       0x24 ../esn7e_offlinestream_demo_bsp//libhal_bsp.a(altera_avalon_jtag_uart_init.o)
 .comment       0x00000000       0x24 ../esn7e_offlinestream_demo_bsp//libhal_bsp.a(altera_avalon_jtag_uart_ioctl.o)
 .comment       0x00000000       0x24 ../esn7e_offlinestream_demo_bsp//libhal_bsp.a(altera_avalon_jtag_uart_read.o)
 .comment       0x00000000       0x24 ../esn7e_offlinestream_demo_bsp//libhal_bsp.a(altera_avalon_jtag_uart_write.o)
 .comment       0x00000000       0x24 ../esn7e_offlinestream_demo_bsp//libhal_bsp.a(alt_alarm_start.o)
 .comment       0x00000000       0x24 ../esn7e_offlinestream_demo_bsp//libhal_bsp.a(alt_busy_sleep.o)
 .comment       0x00000000       0x24 ../esn7e_offlinestream_demo_bsp//libhal_bsp.a(alt_dcache_flush_all.o)
 .comment       0x00000000       0x24 ../esn7e_offlinestream_demo_bsp//libhal_bsp.a(alt_dev_llist_insert.o)
 .comment       0x00000000       0x24 ../esn7e_offlinestream_demo_bsp//libhal_bsp.a(alt_do_ctors.o)
 .comment       0x00000000       0x24 ../esn7e_offlinestream_demo_bsp//libhal_bsp.a(alt_do_dtors.o)
 .comment       0x00000000       0x24 ../esn7e_offlinestream_demo_bsp//libhal_bsp.a(alt_icache_flush_all.o)
 .comment       0x00000000       0x24 ../esn7e_offlinestream_demo_bsp//libhal_bsp.a(alt_iic.o)
 .comment       0x00000000       0x24 ../esn7e_offlinestream_demo_bsp//libhal_bsp.a(alt_iic_isr_register.o)
 .comment       0x00000000       0x24 ../esn7e_offlinestream_demo_bsp//libhal_bsp.a(alt_io_redirect.o)
 .comment       0x00000000       0x24 ../esn7e_offlinestream_demo_bsp//libhal_bsp.a(alt_irq_handler.o)
 .comment       0x00000000       0x24 ../esn7e_offlinestream_demo_bsp//libhal_bsp.a(alt_irq_vars.o)
 .comment       0x00000000       0x24 ../esn7e_offlinestream_demo_bsp//libhal_bsp.a(alt_open.o)
 .comment       0x00000000       0x24 ../esn7e_offlinestream_demo_bsp//libhal_bsp.a(alt_tick.o)
 .comment       0x00000000       0x24 ../esn7e_offlinestream_demo_bsp//libhal_bsp.a(altera_nios2_qsys_irq.o)
 .comment       0x00000000       0x24 ../esn7e_offlinestream_demo_bsp//libhal_bsp.a(alt_find_dev.o)
 .comment       0x00000000       0x24 ../esn7e_offlinestream_demo_bsp//libhal_bsp.a(alt_find_file.o)
 .comment       0x00000000       0x24 ../esn7e_offlinestream_demo_bsp//libhal_bsp.a(alt_get_fd.o)
 .comment       0x00000000       0x24 ../esn7e_offlinestream_demo_bsp//libhal_bsp.a(alt_icache_flush.o)
 .comment       0x00000000       0x24 /opt/altera/13.1/nios2eds/bin/gnu/H-i686-pc-linux-gnu/bin/../lib/gcc/nios2-elf/4.7.3/../../../../../H-i686-pc-linux-gnu/nios2-elf/lib/libc.a(lib_a-atexit.o)
 .comment       0x00000000       0x24 /opt/altera/13.1/nios2eds/bin/gnu/H-i686-pc-linux-gnu/bin/../lib/gcc/nios2-elf/4.7.3/../../../../../H-i686-pc-linux-gnu/nios2-elf/lib/libc.a(lib_a-exit.o)
 .comment       0x00000000       0x24 /opt/altera/13.1/nios2eds/bin/gnu/H-i686-pc-linux-gnu/bin/../lib/gcc/nios2-elf/4.7.3/../../../../../H-i686-pc-linux-gnu/nios2-elf/lib/libc.a(lib_a-memcmp.o)
 .comment       0x00000000       0x24 /opt/altera/13.1/nios2eds/bin/gnu/H-i686-pc-linux-gnu/bin/../lib/gcc/nios2-elf/4.7.3/../../../../../H-i686-pc-linux-gnu/nios2-elf/lib/libc.a(lib_a-__atexit.o)
 .comment       0x00000000       0x24 /opt/altera/13.1/nios2eds/bin/gnu/H-i686-pc-linux-gnu/bin/../lib/gcc/nios2-elf/4.7.3/../../../../../H-i686-pc-linux-gnu/nios2-elf/lib/libc.a(lib_a-__call_atexit.o)
 .comment       0x00000000       0x24 ../esn7e_offlinestream_demo_bsp//libhal_bsp.a(alt_exit.o)

.debug
 *(.debug)

.line
 *(.line)

.debug_srcinfo
 *(.debug_srcinfo)

.debug_sfnames
 *(.debug_sfnames)

.debug_aranges  0x00000000      0xd60
 *(.debug_aranges)
 .debug_aranges
                0x00000000       0x28 ../esn7e_offlinestream_demo_bsp//obj/HAL/src/crt0.o
 .debug_aranges
                0x00000028       0x20 obj/default/main.o
 .debug_aranges
                0x00000048       0x20 /opt/altera/13.1/nios2eds/bin/gnu/H-i686-pc-linux-gnu/bin/../lib/gcc/nios2-elf/4.7.3/libgcc.a(lib2-divmod.o)
 .debug_aranges
                0x00000068       0x20 /opt/altera/13.1/nios2eds/bin/gnu/H-i686-pc-linux-gnu/bin/../lib/gcc/nios2-elf/4.7.3/../../../../../H-i686-pc-linux-gnu/nios2-elf/lib/libc.a(lib_a-printf.o)
 .debug_aranges
                0x00000088       0x20 /opt/altera/13.1/nios2eds/bin/gnu/H-i686-pc-linux-gnu/bin/../lib/gcc/nios2-elf/4.7.3/../../../../../H-i686-pc-linux-gnu/nios2-elf/lib/libc.a(lib_a-vfprintf.o)
 .debug_aranges
                0x000000a8       0x20 /opt/altera/13.1/nios2eds/bin/gnu/H-i686-pc-linux-gnu/bin/../lib/gcc/nios2-elf/4.7.3/../../../../../H-i686-pc-linux-gnu/nios2-elf/lib/libc.a(lib_a-wsetup.o)
 .debug_aranges
                0x000000c8       0x20 /opt/altera/13.1/nios2eds/bin/gnu/H-i686-pc-linux-gnu/bin/../lib/gcc/nios2-elf/4.7.3/../../../../../H-i686-pc-linux-gnu/nios2-elf/lib/libc.a(lib_a-dtoa.o)
 .debug_aranges
                0x000000e8       0x20 /opt/altera/13.1/nios2eds/bin/gnu/H-i686-pc-linux-gnu/bin/../lib/gcc/nios2-elf/4.7.3/../../../../../H-i686-pc-linux-gnu/nios2-elf/lib/libc.a(lib_a-fflush.o)
 .debug_aranges
                0x00000108       0x20 /opt/altera/13.1/nios2eds/bin/gnu/H-i686-pc-linux-gnu/bin/../lib/gcc/nios2-elf/4.7.3/../../../../../H-i686-pc-linux-gnu/nios2-elf/lib/libc.a(lib_a-findfp.o)
 .debug_aranges
                0x00000128       0x20 /opt/altera/13.1/nios2eds/bin/gnu/H-i686-pc-linux-gnu/bin/../lib/gcc/nios2-elf/4.7.3/../../../../../H-i686-pc-linux-gnu/nios2-elf/lib/libc.a(lib_a-freer.o)
 .debug_aranges
                0x00000148       0x20 /opt/altera/13.1/nios2eds/bin/gnu/H-i686-pc-linux-gnu/bin/../lib/gcc/nios2-elf/4.7.3/../../../../../H-i686-pc-linux-gnu/nios2-elf/lib/libc.a(lib_a-fvwrite.o)
 .debug_aranges
                0x00000168       0x20 /opt/altera/13.1/nios2eds/bin/gnu/H-i686-pc-linux-gnu/bin/../lib/gcc/nios2-elf/4.7.3/../../../../../H-i686-pc-linux-gnu/nios2-elf/lib/libc.a(lib_a-fwalk.o)
 .debug_aranges
                0x00000188       0x18 /opt/altera/13.1/nios2eds/bin/gnu/H-i686-pc-linux-gnu/bin/../lib/gcc/nios2-elf/4.7.3/../../../../../H-i686-pc-linux-gnu/nios2-elf/lib/libc.a(lib_a-impure.o)
 .debug_aranges
                0x000001a0       0x20 /opt/altera/13.1/nios2eds/bin/gnu/H-i686-pc-linux-gnu/bin/../lib/gcc/nios2-elf/4.7.3/../../../../../H-i686-pc-linux-gnu/nios2-elf/lib/libc.a(lib_a-locale.o)
 .debug_aranges
                0x000001c0       0x20 /opt/altera/13.1/nios2eds/bin/gnu/H-i686-pc-linux-gnu/bin/../lib/gcc/nios2-elf/4.7.3/../../../../../H-i686-pc-linux-gnu/nios2-elf/lib/libc.a(lib_a-makebuf.o)
 .debug_aranges
                0x000001e0       0x20 /opt/altera/13.1/nios2eds/bin/gnu/H-i686-pc-linux-gnu/bin/../lib/gcc/nios2-elf/4.7.3/../../../../../H-i686-pc-linux-gnu/nios2-elf/lib/libc.a(lib_a-mallocr.o)
 .debug_aranges
                0x00000200       0x20 /opt/altera/13.1/nios2eds/bin/gnu/H-i686-pc-linux-gnu/bin/../lib/gcc/nios2-elf/4.7.3/../../../../../H-i686-pc-linux-gnu/nios2-elf/lib/libc.a(lib_a-memchr.o)
 .debug_aranges
                0x00000220       0x20 /opt/altera/13.1/nios2eds/bin/gnu/H-i686-pc-linux-gnu/bin/../lib/gcc/nios2-elf/4.7.3/../../../../../H-i686-pc-linux-gnu/nios2-elf/lib/libc.a(lib_a-memcpy.o)
 .debug_aranges
                0x00000240       0x20 /opt/altera/13.1/nios2eds/bin/gnu/H-i686-pc-linux-gnu/bin/../lib/gcc/nios2-elf/4.7.3/../../../../../H-i686-pc-linux-gnu/nios2-elf/lib/libc.a(lib_a-memmove.o)
 .debug_aranges
                0x00000260       0x20 /opt/altera/13.1/nios2eds/bin/gnu/H-i686-pc-linux-gnu/bin/../lib/gcc/nios2-elf/4.7.3/../../../../../H-i686-pc-linux-gnu/nios2-elf/lib/libc.a(lib_a-memset.o)
 .debug_aranges
                0x00000280       0x20 /opt/altera/13.1/nios2eds/bin/gnu/H-i686-pc-linux-gnu/bin/../lib/gcc/nios2-elf/4.7.3/../../../../../H-i686-pc-linux-gnu/nios2-elf/lib/libc.a(lib_a-mprec.o)
 .debug_aranges
                0x000002a0       0x20 /opt/altera/13.1/nios2eds/bin/gnu/H-i686-pc-linux-gnu/bin/../lib/gcc/nios2-elf/4.7.3/../../../../../H-i686-pc-linux-gnu/nios2-elf/lib/libc.a(lib_a-reallocr.o)
 .debug_aranges
                0x000002c0       0x20 /opt/altera/13.1/nios2eds/bin/gnu/H-i686-pc-linux-gnu/bin/../lib/gcc/nios2-elf/4.7.3/../../../../../H-i686-pc-linux-gnu/nios2-elf/lib/libc.a(lib_a-s_isinfd.o)
 .debug_aranges
                0x000002e0       0x20 /opt/altera/13.1/nios2eds/bin/gnu/H-i686-pc-linux-gnu/bin/../lib/gcc/nios2-elf/4.7.3/../../../../../H-i686-pc-linux-gnu/nios2-elf/lib/libc.a(lib_a-s_isnand.o)
 .debug_aranges
                0x00000300       0x20 /opt/altera/13.1/nios2eds/bin/gnu/H-i686-pc-linux-gnu/bin/../lib/gcc/nios2-elf/4.7.3/../../../../../H-i686-pc-linux-gnu/nios2-elf/lib/libc.a(lib_a-sbrkr.o)
 .debug_aranges
                0x00000320       0x20 /opt/altera/13.1/nios2eds/bin/gnu/H-i686-pc-linux-gnu/bin/../lib/gcc/nios2-elf/4.7.3/../../../../../H-i686-pc-linux-gnu/nios2-elf/lib/libc.a(lib_a-stdio.o)
 .debug_aranges
                0x00000340       0x20 /opt/altera/13.1/nios2eds/bin/gnu/H-i686-pc-linux-gnu/bin/../lib/gcc/nios2-elf/4.7.3/../../../../../H-i686-pc-linux-gnu/nios2-elf/lib/libc.a(lib_a-strcmp.o)
 .debug_aranges
                0x00000360       0x20 /opt/altera/13.1/nios2eds/bin/gnu/H-i686-pc-linux-gnu/bin/../lib/gcc/nios2-elf/4.7.3/../../../../../H-i686-pc-linux-gnu/nios2-elf/lib/libc.a(lib_a-strlen.o)
 .debug_aranges
                0x00000380       0x20 /opt/altera/13.1/nios2eds/bin/gnu/H-i686-pc-linux-gnu/bin/../lib/gcc/nios2-elf/4.7.3/../../../../../H-i686-pc-linux-gnu/nios2-elf/lib/libc.a(lib_a-writer.o)
 .debug_aranges
                0x000003a0       0x20 /opt/altera/13.1/nios2eds/bin/gnu/H-i686-pc-linux-gnu/bin/../lib/gcc/nios2-elf/4.7.3/../../../../../H-i686-pc-linux-gnu/nios2-elf/lib/libc.a(lib_a-callocr.o)
 .debug_aranges
                0x000003c0       0x20 /opt/altera/13.1/nios2eds/bin/gnu/H-i686-pc-linux-gnu/bin/../lib/gcc/nios2-elf/4.7.3/../../../../../H-i686-pc-linux-gnu/nios2-elf/lib/libc.a(lib_a-closer.o)
 .debug_aranges
                0x000003e0       0x20 /opt/altera/13.1/nios2eds/bin/gnu/H-i686-pc-linux-gnu/bin/../lib/gcc/nios2-elf/4.7.3/../../../../../H-i686-pc-linux-gnu/nios2-elf/lib/libc.a(lib_a-fclose.o)
 .debug_aranges
                0x00000400       0x20 /opt/altera/13.1/nios2eds/bin/gnu/H-i686-pc-linux-gnu/bin/../lib/gcc/nios2-elf/4.7.3/../../../../../H-i686-pc-linux-gnu/nios2-elf/lib/libc.a(lib_a-fstatr.o)
 .debug_aranges
                0x00000420       0x18 /opt/altera/13.1/nios2eds/bin/gnu/H-i686-pc-linux-gnu/bin/../lib/gcc/nios2-elf/4.7.3/../../../../../H-i686-pc-linux-gnu/nios2-elf/lib/libc.a(lib_a-int_errno.o)
 .debug_aranges